 win32_minify

 Timestamp is 57698e49 (Tue Jun 21 20:58:17 2016)

 Preferred load address is 0000000140000000

 Start         Length     Name                   Class
 0001:00000000 000319eeH .text$mn                CODE
 0001:000319f0 0000072bH .text$x                 CODE
 0002:00000000 00000288H .idata$5                DATA
 0002:00000288 00000008H .CRT$XCA                DATA
 0002:00000290 00000008H .CRT$XCZ                DATA
 0002:00000298 00000008H .CRT$XIA                DATA
 0002:000002a0 00000020H .CRT$XIC                DATA
 0002:000002c0 00000008H .CRT$XIY                DATA
 0002:000002c8 00000008H .CRT$XIZ                DATA
 0002:000002d0 00000008H .CRT$XPA                DATA
 0002:000002d8 00000010H .CRT$XPX                DATA
 0002:000002e8 00000008H .CRT$XPXA               DATA
 0002:000002f0 00000008H .CRT$XPZ                DATA
 0002:000002f8 00000008H .CRT$XTA                DATA
 0002:00000300 00000008H .CRT$XTZ                DATA
 0002:00000310 0000bcd0H .rdata                  DATA
 0002:0000bfe0 00000054H .rdata$debug            DATA
 0002:0000c038 0000016cH .rdata$r                DATA
 0002:0000c1a8 00000008H .rtc$IAA                DATA
 0002:0000c1b0 00000008H .rtc$IZZ                DATA
 0002:0000c1b8 00000008H .rtc$TAA                DATA
 0002:0000c1c0 00000008H .rtc$TZZ                DATA
 0002:0000c1c8 00000d4cH .xdata                  DATA
 0002:0000cf18 00000084H .xdata$x                DATA
 0002:0000cf9c 00000000H .edata                  DATA
 0002:0000cf9c 00000014H .idata$2                DATA
 0002:0000cfb0 00000014H .idata$3                DATA
 0002:0000cfc8 00000288H .idata$4                DATA
 0002:0000d250 000005d8H .idata$6                DATA
 0003:00000000 0000173cH .data                   DATA
 0003:00001740 00000070H .data$r                 DATA
 0003:000017c0 000024e0H .bss                    DATA
 0004:00000000 000015ccH .pdata                  DATA

  Address         Publics by Value              Rva+Base               Lib:Object

 0000:00000000       __guard_fids_count         0000000000000000     <absolute>
 0000:00000000       ___safe_se_handler_table   0000000000000000     <absolute>
 0000:00000000       __guard_flags              0000000000000000     <absolute>
 0000:00000000       __guard_fids_table         0000000000000000     <absolute>
 0000:00000000       ___safe_se_handler_count   0000000000000000     <absolute>
 0000:00000000       __ImageBase                0000000140000000     <linker-defined>
 0001:00000000       ?win32_get_files_in_directory@@YAXPEAUWin32App@@PEAD@Z 0000000140001000 f   win32_minify.obj
 0001:000001b0       ?win32_process_file@@YAPEADPEAUWin32App@@PEADPEAUWin32Plugin@@@Z 00000001400011b0 f   win32_minify.obj
 0001:00000350       ?win32_get_path@@YAXPEAUWin32App@@@Z 0000000140001350 f   win32_minify.obj
 0001:000003f0       ?win32_output_file@@YAXPEAUWin32App@@PEAD1@Z 00000001400013f0 f   win32_minify.obj
 0001:000004e0       ?win32_clean_files@@YAXPEAUWin32App@@@Z 00000001400014e0 f   win32_minify.obj
 0001:000005d0       ?win32_clean_plugins@@YAXPEAUWin32App@@@Z 00000001400015d0 f   win32_minify.obj
 0001:00000650       ?win32_load_plugin@@YAXPEAUWin32App@@PEAD@Z 0000000140001650 f   win32_minify.obj
 0001:00000840       ?win32_get_file_ext@@YAPEADPEAD@Z 0000000140001840 f   win32_minify.obj
 0001:000008a0       Win32_AllocMem             00000001400018a0 f   win32_minify.obj
 0001:000008c0       Win32_FreeMem              00000001400018c0 f   win32_minify.obj
 0001:000008e0       main                       00000001400018e0 f   win32_minify.obj
 0001:00000b60       __initstdio                0000000140001b60 f   LIBCMTD:_file.obj
 0001:00000c60       __endstdio                 0000000140001c60 f   LIBCMTD:_file.obj
 0001:00000ca0       __iob_func                 0000000140001ca0 f   LIBCMTD:_file.obj
 0001:00000cb0       _lock_file                 0000000140001cb0 f   LIBCMTD:_file.obj
 0001:00000d40       _lock_file2                0000000140001d40 f   LIBCMTD:_file.obj
 0001:00000d90       _unlock_file               0000000140001d90 f   LIBCMTD:_file.obj
 0001:00000e20       _unlock_file2              0000000140001e20 f   LIBCMTD:_file.obj
 0001:00000e70       _fclose_nolock             0000000140001e70 f   LIBCMTD:fclose.obj
 0001:00000fc0       fclose                     0000000140001fc0 f   LIBCMTD:fclose.obj
 0001:000010c0       _fsopen                    00000001400020c0 f   LIBCMTD:fopen.obj
 0001:00001380       fopen_s                    0000000140002380 f   LIBCMTD:fopen.obj
 0001:00001470       fprintf                    0000000140002470 f   LIBCMTD:fprintf.obj
 0001:000017f0       fputs                      00000001400027f0 f   LIBCMTD:fputs.obj
 0001:00001b90       _fread_nolock_s            0000000140002b90 f   LIBCMTD:fread.obj
 0001:000024e0       fread                      00000001400034e0 f   LIBCMTD:fread.obj
 0001:00002530       fread_s                    0000000140003530 f   LIBCMTD:fread.obj
 0001:00002680       _fseek_nolock              0000000140003680 f   LIBCMTD:fseek.obj
 0001:000027a0       fseek                      00000001400037a0 f   LIBCMTD:fseek.obj
 0001:00002950       _ftell_nolock              0000000140003950 f   LIBCMTD:ftell.obj
 0001:00003010       ftell                      0000000140004010 f   LIBCMTD:ftell.obj
 0001:00003100       _get_printf_count_output   0000000140004100 f   LIBCMTD:printf.obj
 0001:00003130       printf                     0000000140004130 f   LIBCMTD:printf.obj
 0001:000032b0       _snprintf_s                00000001400042b0 f   LIBCMTD:sprintf.obj
 0001:00003310       sprintf_s                  0000000140004310 f   LIBCMTD:sprintf.obj
 0001:00003360       __copy_path_to_wide_string 0000000140004360 f   LIBCMTD:crt0dat.obj
 0001:000035e0       __crtCorExitProcess        00000001400045e0 f   LIBCMTD:crt0dat.obj
 0001:00003630       __crtExitProcess           0000000140004630 f   LIBCMTD:crt0dat.obj
 0001:00003650       __freeCrtMemory            0000000140004650 f   LIBCMTD:crt0dat.obj
 0001:00003880       _amsg_exit                 0000000140004880 f   LIBCMTD:crt0dat.obj
 0001:000038b0       _c_exit                    00000001400048b0 f   LIBCMTD:crt0dat.obj
 0001:000038d0       _cexit                     00000001400048d0 f   LIBCMTD:crt0dat.obj
 0001:000038f0       _cinit                     00000001400048f0 f   LIBCMTD:crt0dat.obj
 0001:000039a0       _exit                      00000001400049a0 f   LIBCMTD:crt0dat.obj
 0001:000039c0       _init_pointers             00000001400049c0 f   LIBCMTD:crt0dat.obj
 0001:00003a70       _initterm_e                0000000140004a70 f   LIBCMTD:crt0dat.obj
 0001:00003ad0       _lockexit                  0000000140004ad0 f   LIBCMTD:crt0dat.obj
 0001:00003af0       _unlockexit                0000000140004af0 f   LIBCMTD:crt0dat.obj
 0001:00003d20       exit                       0000000140004d20 f   LIBCMTD:crt0dat.obj
 0001:00003d40       free                       0000000140004d40 f   LIBCMTD:dbgfree.obj
 0001:00003d60       malloc                     0000000140004d60 f   LIBCMTD:dbgmalloc.obj
 0001:00003da0       realloc                    0000000140004da0 f   LIBCMTD:dbgrealloc.obj
 0001:00003de0       strcpy_s                   0000000140004de0 f   LIBCMTD:strcpy_s.obj
 0001:00004280       __GSHandlerCheck           0000000140005280 f   LIBCMTD:gshandler.obj
 0001:000042c0       __GSHandlerCheckCommon     00000001400052c0 f   LIBCMTD:gshandler.obj
 0001:000043d0       __security_check_cookie    00000001400053d0 f   LIBCMTD:amdsecgs.obj
 0001:00004610       mainCRTStartup             0000000140005610 f   LIBCMTD:crt0.obj
 0001:00004630       _fcloseall                 0000000140005630 f   LIBCMTD:closeall.obj
 0001:00004730       _fflush_nolock             0000000140005730 f   LIBCMTD:fflush.obj
 0001:000047b0       _flush                     00000001400057b0 f   LIBCMTD:fflush.obj
 0001:000048a0       _flushall                  00000001400058a0 f   LIBCMTD:fflush.obj
 0001:00004a30       _lock                      0000000140005a30 f   LIBCMTD:mlock.obj
 0001:00004a90       _mtdeletelocks             0000000140005a90 f   LIBCMTD:mlock.obj
 0001:00004bb0       _mtinitlocknum             0000000140005bb0 f   LIBCMTD:mlock.obj
 0001:00004cb0       _mtinitlocks               0000000140005cb0 f   LIBCMTD:mlock.obj
 0001:00004d50       _unlock                    0000000140005d50 f   LIBCMTD:mlock.obj
 0001:00004d80       ??0_LocaleUpdate@@QEAA@PEAUlocaleinfo_struct@@@Z 0000000140005d80 f i LIBCMTD:dbgheap.obj
 0001:00004ec0       ??1_LocaleUpdate@@QEAA@XZ  0000000140005ec0 f i LIBCMTD:dbgheap.obj
 0001:00004f00       ?GetLocaleT@_LocaleUpdate@@QEAAPEAUlocaleinfo_struct@@XZ 0000000140005f00 f i LIBCMTD:dbgheap.obj
 0001:00005440       _CrtCheckMemory            0000000140006440 f   LIBCMTD:dbgheap.obj
 0001:000059e0       _CrtDumpMemoryLeaks        00000001400069e0 f   LIBCMTD:dbgheap.obj
 0001:00005aa0       _CrtGetCheckCount          0000000140006aa0 f   LIBCMTD:dbgheap.obj
 0001:00005ab0       _CrtIsValidHeapPointer     0000000140006ab0 f   LIBCMTD:dbgheap.obj
 0001:00005b10       _CrtIsValidPointer         0000000140006b10 f   LIBCMTD:dbgheap.obj
 0001:00005b50       _CrtMemCheckpoint          0000000140006b50 f   LIBCMTD:dbgheap.obj
 0001:00005de0       _CrtMemDumpAllObjectsSince 0000000140006de0 f   LIBCMTD:dbgheap.obj
 0001:00005e30       _CrtSetCheckCount          0000000140006e30 f   LIBCMTD:dbgheap.obj
 0001:00005e50       _CrtSetDbgFlag             0000000140006e50 f   LIBCMTD:dbgheap.obj
 0001:00005f90       _calloc_dbg                0000000140006f90 f   LIBCMTD:dbgheap.obj
 0001:00006010       _calloc_dbg_impl           0000000140007010 f   LIBCMTD:dbgheap.obj
 0001:000060c0       _free_dbg                  00000001400070c0 f   LIBCMTD:dbgheap.obj
 0001:00006100       _free_dbg_nolock           0000000140007100 f   LIBCMTD:dbgheap.obj
 0001:00006c90       _invoke_watson_if_oneof    0000000140007c90 f i LIBCMTD:dbgheap.obj
 0001:00006d00       _malloc_dbg                0000000140007d00 f   LIBCMTD:dbgheap.obj
 0001:00006d50       _msize_dbg                 0000000140007d50 f   LIBCMTD:dbgheap.obj
 0001:00006fa0       _nh_malloc_dbg             0000000140007fa0 f   LIBCMTD:dbgheap.obj
 0001:00007330       _realloc_dbg               0000000140008330 f   LIBCMTD:dbgheap.obj
 0001:00007ca0       _call_reportfault          0000000140008ca0 f   LIBCMTD:invarg.obj
 0001:00007dd0       _initp_misc_invarg         0000000140008dd0 f   LIBCMTD:invarg.obj
 0001:00007df0       _invalid_parameter         0000000140008df0 f   LIBCMTD:invarg.obj
 0001:00007e80       _invoke_watson             0000000140008e80 f   LIBCMTD:invarg.obj
 0001:00007ee0       _fileno                    0000000140008ee0 f   LIBCMTD:fileno.obj
 0001:00007fa0       _close                     0000000140008fa0 f   LIBCMTD:close.obj
 0001:00008220       _close_nolock              0000000140009220 f   LIBCMTD:close.obj
 0001:00008330       __doserrno                 0000000140009330 f   LIBCMTD:dosmap.obj
 0001:00008360       _dosmaperr                 0000000140009360 f   LIBCMTD:dosmap.obj
 0001:00008390       _errno                     0000000140009390 f   LIBCMTD:dosmap.obj
 0001:000083c0       _get_errno_from_oserr      00000001400093c0 f   LIBCMTD:dosmap.obj
 0001:00008450       _freebuf                   0000000140009450 f   LIBCMTD:_freebuf.obj
 0001:00008510       _CrtDbgReportW             0000000140009510 f   LIBCMTD:dbgrptw.obj
 0001:00008590       _CrtDbgReportWV            0000000140009590 f i LIBCMTD:dbgrptw.obj
 0001:000085f0       __crtMessageWindowW        00000001400095f0 f   LIBCMTD:dbgrptw.obj
 0001:00008c70       _invoke_watson_if_error    0000000140009c70 f i LIBCMTD:dbgrptw.obj
 0001:00008cc0       __C_specific_handler       0000000140009cc0 f   LIBCMTD:chandler.obj
 0001:000090e0       _getstream                 000000014000a0e0 f   LIBCMTD:stream.obj
 0001:00009320       _openfile                  000000014000a320 f   LIBCMTD:_open.obj
 0001:00009e00       _local_unwind              000000014000ae00 f   LIBCMTD:jmpuwind.obj
 0001:00009e30       _NLG_Notify                000000014000ae30 f   LIBCMTD:jmpuwind.obj
 0001:00009e50       __NLG_Dispatch2            000000014000ae50 f   LIBCMTD:jmpuwind.obj
 0001:00009e60       __NLG_Return2              000000014000ae60 f   LIBCMTD:jmpuwind.obj
 0001:00009e70       _ftbuf                     000000014000ae70 f   LIBCMTD:_sftbuf.obj
 0001:00009f30       _stbuf                     000000014000af30 f   LIBCMTD:_sftbuf.obj
 0001:0000a110       _output_l                  000000014000b110 f   LIBCMTD:output.obj
 0001:0000b910       get_int64_arg              000000014000c910 f i LIBCMTD:output.obj
 0001:0000b980       get_int_arg                000000014000c980 f i LIBCMTD:output.obj
 0001:0000b9e0       get_short_arg              000000014000c9e0 f i LIBCMTD:output.obj
 0001:0000bb40       _ioinit                    000000014000cb40 f   LIBCMTD:ioinit.obj
 0001:0000c120       _fwrite_nolock             000000014000d120 f   LIBCMTD:fwrite.obj
 0001:0000c780       strlen                     000000014000d780 f   LIBCMTD:strlen.obj
 0001:0000c830       _filbuf                    000000014000d830 f   LIBCMTD:_filbuf.obj
 0001:0000cb50       memcpy_s                   000000014000db50 f   LIBCMTD:memcpy_s.obj
 0001:0000cdd0       memset                     000000014000ddd0 f   LIBCMTD:memset.obj
 0001:0000d000       _read                      000000014000e000 f   LIBCMTD:read.obj
 0001:0000d360       _read_nolock               000000014000e360 f   LIBCMTD:read.obj
 0001:0000eec0       _lseek                     000000014000fec0 f   LIBCMTD:lseek.obj
 0001:0000f160       _lseek_nolock              0000000140010160 f   LIBCMTD:lseek.obj
 0001:0000f2f0       _lseeki64                  00000001400102f0 f   LIBCMTD:lseeki64.obj
 0001:0000f5a0       _lseeki64_nolock           00000001400105a0 f   LIBCMTD:lseeki64.obj
 0001:0000f6d0       __chkstk                   00000001400106d0 f   LIBCMTD:chkstk.obj
 0001:0000f6d0       _alloca_probe              00000001400106d0 f   LIBCMTD:chkstk.obj
 0001:0000f720       _flsbuf                    0000000140010720 f   LIBCMTD:_flsbuf.obj
 0001:0000fac0       _vsnprintf_helper          0000000140010ac0 f   LIBCMTD:vsnprnc.obj
 0001:0000fda0       _vsnprintf_s               0000000140010da0 f   LIBCMTD:vsnprnc.obj
 0001:0000fdf0       _vsnprintf_s_l             0000000140010df0 f   LIBCMTD:vsnprnc.obj
 0001:00010390       _vsprintf_s_l              0000000140011390 f   LIBCMTD:vsnprnc.obj
 0001:00010720       _RTC_Initialize            0000000140011720 f   LIBCMTD:initsect.obj
 0001:00010760       _RTC_Terminate             0000000140011760 f   LIBCMTD:initsect.obj
 0001:00010810       __crtCaptureCurrentContext 0000000140011810 f   LIBCMTD:winapisupp.obj
 0001:000108b0       __crtCapturePreviousContext 00000001400118b0 f   LIBCMTD:winapisupp.obj
 0001:00010970       __crtFlsAlloc              0000000140011970 f   LIBCMTD:winapisupp.obj
 0001:000109c0       __crtFlsFree               00000001400119c0 f   LIBCMTD:winapisupp.obj
 0001:00010a10       __crtFlsGetValue           0000000140011a10 f   LIBCMTD:winapisupp.obj
 0001:00010a60       __crtFlsSetValue           0000000140011a60 f   LIBCMTD:winapisupp.obj
 0001:00010ac0       __crtInitializeCriticalSectionEx 0000000140011ac0 f   LIBCMTD:winapisupp.obj
 0001:00010b30       __crtIsPackagedApp         0000000140011b30 f   LIBCMTD:winapisupp.obj
 0001:00010b70       __crtLoadWinApiPointers    0000000140011b70 f   LIBCMTD:winapisupp.obj
 0001:00011160       __crtSetUnhandledExceptionFilter 0000000140012160 f   LIBCMTD:winapisupp.obj
 0001:00011180       __crtTerminateProcess      0000000140012180 f   LIBCMTD:winapisupp.obj
 0001:000111a0       __crtUnhandledException    00000001400121a0 f   LIBCMTD:winapisupp.obj
 0001:000111d0       _FF_MSGBANNER              00000001400121d0 f   LIBCMTD:crt0msg.obj
 0001:00011220       _GET_RTERRMSG              0000000140012220 f   LIBCMTD:crt0msg.obj
 0001:00011280       _NMSG_WRITE                0000000140012280 f   LIBCMTD:crt0msg.obj
 0001:000116b0       _FindPESection             00000001400126b0 f   LIBCMTD:pesect.obj
 0001:00011760       _IsNonwritableInCurrentImage 0000000140012760 f   LIBCMTD:pesect.obj
 0001:000117f0       _ValidateImageBase         00000001400127f0 f   LIBCMTD:pesect.obj
 0001:00011870       __onexitinit               0000000140012870 f   LIBCMTD:onexit.obj
 0001:000118e0       _onexit                    00000001400128e0 f   LIBCMTD:onexit.obj
 0001:00011af0       atexit                     0000000140012af0 f   LIBCMTD:onexit.obj
 0001:00011b30       _initp_misc_cfltcvt_tab    0000000140012b30 f   LIBCMTD:cmiscdat.obj
 0001:00011b80       ?_inconsistency@@YAXXZ     0000000140012b80 f   LIBCMTD:hooks.obj
 0001:00011bb0       ?terminate@@YAXXZ          0000000140012bb0 f   LIBCMTD:hooks.obj
 0001:00011be0       _initp_eh_hooks            0000000140012be0 f   LIBCMTD:hooks.obj
 0001:00011c10       _callnewh                  0000000140012c10 f   LIBCMTD:handler.obj
 0001:00011c50       _initp_heap_handler        0000000140012c50 f   LIBCMTD:handler.obj
 0001:00011c70       _initp_misc_purevirt       0000000140012c70 f   LIBCMTD:inithelp.obj
 0001:00011c90       __get_sigabrt              0000000140012c90 f   LIBCMTD:winsig.obj
 0001:00011cb0       _initp_misc_winsig         0000000140012cb0 f   LIBCMTD:winsig.obj
 0001:00011cf0       raise                      0000000140012cf0 f   LIBCMTD:winsig.obj
 0001:00012160       _initp_misc_rand_s         0000000140013160 f   LIBCMTD:rand_s.obj
 0001:00012180       __initmbctable             0000000140013180 f   LIBCMTD:mbctype.obj
 0001:00012810       __updatetmbcinfo           0000000140013810 f   LIBCMTD:mbctype.obj
 0001:00012920       _setmbcp                   0000000140013920 f   LIBCMTD:mbctype.obj
 0001:00012c10       _setmbcp_nolock            0000000140013c10 f   LIBCMTD:mbctype.obj
 0001:00013060       __raise_securityfailure    0000000140014060 f   LIBCMTD:gs_report.obj
 0001:000130b0       __report_gsfailure         00000001400140b0 f   LIBCMTD:gs_report.obj
 0001:00013190       __report_rangecheckfailure 0000000140014190 f   LIBCMTD:gs_report.obj
 0001:000131b0       __report_securityfailure   00000001400141b0 f   LIBCMTD:gs_report.obj
 0001:00013250       ?__CxxUnhandledExceptionFilter@@YAJPEAU_EXCEPTION_POINTERS@@@Z 0000000140014250 f   LIBCMTD:unhandld.obj
 0001:000132d0       __CxxSetUnhandledExceptionFilter 00000001400142d0 f   LIBCMTD:unhandld.obj
 0001:000132f0       _XcptFilter                00000001400142f0 f   LIBCMTD:winxfltr.obj
 0001:00013620       _freefls                   0000000140014620 f   LIBCMTD:tidtable.obj
 0001:00013830       _getptd                    0000000140014830 f   LIBCMTD:tidtable.obj
 0001:00013860       _getptd_noexit             0000000140014860 f   LIBCMTD:tidtable.obj
 0001:00013930       _initptd                   0000000140014930 f   LIBCMTD:tidtable.obj
 0001:00013a60       _mtinit                    0000000140014a60 f   LIBCMTD:tidtable.obj
 0001:00013b20       _mtterm                    0000000140014b20 f   LIBCMTD:tidtable.obj
 0001:00013b50       _heap_init                 0000000140014b50 f   LIBCMTD:heapinit.obj
 0001:00013b80       _set_pgmptr                0000000140014b80 f i LIBCMTD:stdargv.obj
 0001:00013ba0       _setargv                   0000000140014ba0 f   LIBCMTD:stdargv.obj
 0001:00014200       _setenvp                   0000000140015200 f   LIBCMTD:stdenvp.obj
 0001:00014410       __set_app_type             0000000140015410 f   LIBCMTD:errmode.obj
 0001:00014420       _set_error_mode            0000000140015420 f   LIBCMTD:errmode.obj
 0001:00014530       __security_init_cookie     0000000140015530 f   LIBCMTD:gs_support.obj
 0001:00014650       __crtGetEnvironmentStringsA 0000000140015650 f   LIBCMTD:a_env.obj
 0001:000147c0       _commit                    00000001400157c0 f   LIBCMTD:commit.obj
 0001:00014a50       _write                     0000000140015a50 f   LIBCMTD:write.obj
 0001:00014cf0       _write_nolock              0000000140015cf0 f   LIBCMTD:write.obj
 0001:00015e30       __addlocaleref             0000000140016e30 f   LIBCMTD:localref.obj
 0001:00015f80       __freetlocinfo             0000000140016f80 f   LIBCMTD:localref.obj
 0001:00016330       __removelocaleref          0000000140017330 f   LIBCMTD:localref.obj
 0001:00016490       __updatetlocinfo           0000000140017490 f   LIBCMTD:localref.obj
 0001:00016530       _updatetlocinfoEx_nolock   0000000140017530 f   LIBCMTD:localref.obj
 0001:000165d0       _chvalidator               00000001400175d0 f   LIBCMTD:isctype.obj
 0001:00016640       _chvalidator_l             0000000140017640 f   LIBCMTD:isctype.obj
 0001:00016750       _isctype_l                 0000000140017750 f   LIBCMTD:isctype.obj
 0001:00016940       memcpy                     0000000140017940 f   LIBCMTD:memcpy.obj
 0001:00016940       memmove                    0000000140017940 f   LIBCMTD:memcpy.obj
 0001:00016eb0       _free_base                 0000000140017eb0 f   LIBCMTD:free.obj
 0001:00016f10       _realloc_base              0000000140017f10 f   LIBCMTD:realloc.obj
 0001:00017030       _expand_base               0000000140018030 f   LIBCMTD:expand.obj
 0001:00017210       _CrtDbgReport              0000000140018210 f   LIBCMTD:dbgrpt.obj
 0001:00017290       _CrtDbgReportV             0000000140018290 f i LIBCMTD:dbgrpt.obj
 0001:000172f0       __crtMessageWindowA        00000001400182f0 f   LIBCMTD:dbgrpt.obj
 0001:00017970       _heapchk                   0000000140018970 f   LIBCMTD:heapchk.obj
 0001:000179b0       _heap_alloc_base           00000001400189b0 f i LIBCMTD:malloc.obj
 0001:00017a20       _malloc_base               0000000140018a20 f   LIBCMTD:malloc.obj
 0001:00017ac0       _CrtDefaultAllocHook       0000000140018ac0 f   LIBCMTD:dbghook.obj
 0001:00017ae0       __crt_debugger_hook        0000000140018ae0 f   LIBCMTD:dbghook.obj
 0001:00017af0       __lock_fhandle             0000000140018af0 f   LIBCMTD:osfinfo.obj
 0001:00017bc0       _alloc_osfhnd              0000000140018bc0 f   LIBCMTD:osfinfo.obj
 0001:00017ea0       _free_osfhnd               0000000140018ea0 f   LIBCMTD:osfinfo.obj
 0001:00017fd0       _get_osfhandle             0000000140018fd0 f   LIBCMTD:osfinfo.obj
 0001:000181d0       _set_osfhnd                00000001400191d0 f   LIBCMTD:osfinfo.obj
 0001:000182e0       _unlock_fhandle            00000001400192e0 f   LIBCMTD:osfinfo.obj
 0001:00018320       wcscpy_s                   0000000140019320 f   LIBCMTD:wcscpy_s.obj
 0001:000187d0       wcslen                     00000001400197d0 f   LIBCMTD:wcslen.obj
 0001:00018820       _snwprintf_s               0000000140019820 f   LIBCMTD:swprintf.obj
 0001:00018880       __crtMessageBoxW           0000000140019880 f   LIBCMTD:crtmboxw.obj
 0001:00018cf0       __crtMessageBoxWaitThreadW 0000000140019cf0 f   LIBCMTD:crtmboxw.obj
 0001:00018d40       _CrtDbgBreak               0000000140019d40 f   LIBCMTD:dbgrptt.obj
 0001:00018d50       _VCrtDbgReportA            0000000140019d50 f   LIBCMTD:dbgrptt.obj
 0001:00019720       _VCrtDbgReportW            000000014001a720 f   LIBCMTD:dbgrptt.obj
 0001:0001a260       _sopen_helper              000000014001b260 f   LIBCMTD:open.obj
 0001:0001a5a0       _sopen_nolock              000000014001b5a0 f   LIBCMTD:open.obj
 0001:0001a640       _sopen_s                   000000014001b640 f   LIBCMTD:open.obj
 0001:0001a690       _mbsnbcmp                  000000014001b690 f   LIBCMTD:mbsnbcmp.obj
 0001:0001a6c0       _mbsnbcmp_l                000000014001b6c0 f   LIBCMTD:mbsnbcmp.obj
 0001:0001ab30       _mbsnbicmp                 000000014001bb30 f   LIBCMTD:mbsnbicm.obj
 0001:0001ab60       _mbsnbicmp_l               000000014001bb60 f   LIBCMTD:mbsnbicm.obj
 0001:0001b300       _output_s_l                000000014001c300 f   LIBCMTD:outputs.obj
 0001:0001cdf0       _isatty                    000000014001ddf0 f   LIBCMTD:isatty.obj
 0001:0001cf00       _isleadbyte_l              000000014001df00 f i LIBCMTD:_wctype.obj
 0001:0001cf60       isleadbyte                 000000014001df60 f i LIBCMTD:_wctype.obj
 0001:0001cf80       _wctomb_s_l                000000014001df80 f   LIBCMTD:wctomb.obj
 0001:0001d420       wctomb_s                   000000014001e420 f   LIBCMTD:wctomb.obj
 0001:0001d470       _getbuf                    000000014001e470 f   LIBCMTD:_getbuf.obj
 0001:0001d580       __isa_available_init       000000014001e580 f   LIBCMTD:cpu_disp.obj
 0001:0001d8c0       wcscat_s                   000000014001e8c0 f   LIBCMTD:wcscat_s.obj
 0001:0001def0       wcsncpy_s                  000000014001eef0 f   LIBCMTD:wcsncpy_s.obj
 0001:0001e590       _fptrap                    000000014001f590 f   LIBCMTD:crt0fp.obj
 0001:0001e5b0       abort                      000000014001f5b0 f   LIBCMTD:abort.obj
 0001:0001e640       _MallocaIsSizeInRange      000000014001f640 f i LIBCMTD:a_loc.obj
 0001:0001e680       _MarkAllocaS               000000014001f680 f i LIBCMTD:a_loc.obj
 0001:0001e6b0       _freea                     000000014001f6b0 f i LIBCMTD:a_loc.obj
 0001:0001e740       GetTableIndexFromLocaleName 000000014001f740 f   LIBCMTD:winapinls.obj
 0001:0001e7f0       __crtDownlevelLocaleNameToLCID 000000014001f7f0 f   LIBCMTD:winapinls.obj
 0001:0001e850       __crtLCMapStringEx         000000014001f850 f   LIBCMTD:winapinls.obj
 0001:0001e930       __wcsnicmp_ascii           000000014001f930 f   LIBCMTD:winapinls.obj
 0001:0001ef20       __crtLCMapStringA          000000014001ff20 f   LIBCMTD:a_map.obj
 0001:0001f190       __crtGetStringTypeA        0000000140020190 f   LIBCMTD:a_str.obj
 0001:0001f2b0       ?_GetEstablisherFrame@@YAPEA_KPEA_KPEAU_xDISPATCHER_CONTEXT@@PEBU_s_FuncInfo@@0@Z 00000001400202b0 f   LIBCMTD:trnsctrl.obj
 0001:0001f420       ?_GetRangeOfTrysToCheck@@YAPEBU_s_TryBlockMapEntry@@PEA_KPEBU_s_FuncInfo@@HHPEAI2PEAU_xDISPATCHER_CONTEXT@@@Z 0000000140020420 f   LIBCMTD:trnsctrl.obj
 0001:0001f640       ?__FrameUnwindToEmptyState@@YAXPEA_KPEAU_xDISPATCHER_CONTEXT@@PEBU_s_FuncInfo@@@Z 0000000140020640 f   LIBCMTD:trnsctrl.obj
 0001:0001f6e0       ?__SehTransFilter@@YAHPEAU_EXCEPTION_POINTERS@@PEAUEHExceptionRecord@@PEA_KPEAU_CONTEXT@@PEAU_xDISPATCHER_CONTEXT@@PEBU_s_FuncInfo@@PEAH@Z 00000001400206e0 f   LIBCMTD:trnsctrl.obj
 0001:0001f7a0       _CallSETranslator          00000001400207a0 f   LIBCMTD:trnsctrl.obj
 0001:0001f820       _CreateFrameInfo           0000000140020820 f   LIBCMTD:trnsctrl.obj
 0001:0001f8a0       _FindAndUnlinkFrame        00000001400208a0 f   LIBCMTD:trnsctrl.obj
 0001:0001f930       _GetImageBase              0000000140020930 f   LIBCMTD:trnsctrl.obj
 0001:0001f950       _GetThrowImageBase         0000000140020950 f   LIBCMTD:trnsctrl.obj
 0001:0001f970       _IsExceptionObjectToBeDestroyed 0000000140020970 f   LIBCMTD:trnsctrl.obj
 0001:0001f9d0       _SetImageBase              00000001400209d0 f   LIBCMTD:trnsctrl.obj
 0001:0001f9f0       _SetThrowImageBase         00000001400209f0 f   LIBCMTD:trnsctrl.obj
 0001:0001fa10       _UnwindNestedFrames        0000000140020a10 f   LIBCMTD:trnsctrl.obj
 0001:0001fb80       __CxxFrameHandler3         0000000140020b80 f   LIBCMTD:trnsctrl.obj
 0001:0001fd10       _ismbblead                 0000000140020d10 f   LIBCMTD:ismbbyte.obj
 0001:0001fd40       _mbtowc_l                  0000000140020d40 f   LIBCMTD:mbtowc.obj
 0001:00020080       mbtowc                     0000000140021080 f   LIBCMTD:mbtowc.obj
 0001:000200b0       _putwch_nolock             00000001400210b0 f   LIBCMTD:putwch.obj
 0001:00020120       __free_lconv_mon           0000000140021120 f   LIBCMTD:initmon.obj
 0001:00020330       __free_lconv_num           0000000140021330 f   LIBCMTD:initnum.obj
 0001:00020410       __free_lc_time             0000000140021410 f   LIBCMTD:inittime.obj
 0001:00020e70       _locterm                   0000000140021e70 f   LIBCMTD:wsetloca.obj
 0001:00020ec0       _vsnwprintf_s              0000000140021ec0 f   LIBCMTD:vswprnc.obj
 0001:00020f10       _vsnwprintf_s_l            0000000140021f10 f   LIBCMTD:vswprnc.obj
 0001:000214c0       _vswprintf_helper          00000001400224c0 f   LIBCMTD:vswprnc.obj
 0001:00021810       strcat_s                   0000000140022810 f   LIBCMTD:strcat_s.obj
 0001:00021e20       _itoa_s                    0000000140022e20 f   LIBCMTD:xtoas.obj
 0001:00022450       _mbstowcs_l_helper         0000000140023450 f   LIBCMTD:mbstowcs.obj
 0001:000229c0       _mbstowcs_s_l              00000001400239c0 f   LIBCMTD:mbstowcs.obj
 0001:00022f50       mbstowcs_s                 0000000140023f50 f   LIBCMTD:mbstowcs.obj
 0001:00023030       _wcstombs_l_helper         0000000140024030 f   LIBCMTD:wcstombs.obj
 0001:00023840       _wcstombs_s_l              0000000140024840 f   LIBCMTD:wcstombs.obj
 0001:00023d40       wcstombs_s                 0000000140024d40 f   LIBCMTD:wcstombs.obj
 0001:00023d90       _itow_s                    0000000140024d90 f   LIBCMTD:xtows.obj
 0001:000243e0       __GSHandlerCheck_SEH       00000001400253e0 f   LIBCMTD:gshandlerseh.obj
 0001:000245c0       _wsopen_nolock             00000001400255c0 f   LIBCMTD:wopen.obj
 0001:00025a70       strncmp                    0000000140026a70 f   LIBCMTD:strncmp.obj
 0001:00025af0       __ascii_strnicmp           0000000140026af0 f   LIBCMTD:strnicmp.obj
 0001:00025bd0       _strnicmp                  0000000140026bd0 f   LIBCMTD:strnicmp.obj
 0001:00025e20       _strnicmp_l                0000000140026e20 f   LIBCMTD:strnicmp.obj
 0001:000261d0       __DestructExceptionObject  00000001400271d0 f   LIBCMTD:frame.obj
 0001:000262c0       ??0bad_exception@std@@QEAA@AEBV01@@Z 00000001400272c0 f i LIBCMTD:frame.obj
 0001:00026300       ??0bad_exception@std@@QEAA@PEBD@Z 0000000140027300 f i LIBCMTD:frame.obj
 0001:00026340       ??1bad_exception@std@@UEAA@XZ 0000000140027340 f i LIBCMTD:frame.obj
 0001:00026370       ??_Ebad_exception@std@@UEAAPEAXI@Z 0000000140027370 f i LIBCMTD:frame.obj
 0001:00026370       ??_Gbad_exception@std@@UEAAPEAXI@Z 0000000140027370 f i LIBCMTD:frame.obj
 0001:00027340       __AdjustPointer            0000000140028340 f   LIBCMTD:frame.obj
 0001:000273c0       __BuildCatchObject         00000001400283c0 f   LIBCMTD:frame.obj
 0001:00027500       __BuildCatchObjectHelper   0000000140028500 f   LIBCMTD:frame.obj
 0001:00027930       __CxxCallCatchBlock        0000000140028930 f   LIBCMTD:frame.obj
 0001:00027ba0       __FrameUnwindFilter        0000000140028ba0 f   LIBCMTD:frame.obj
 0001:00027c30       __FrameUnwindToState       0000000140028c30 f   LIBCMTD:frame.obj
 0001:00027e90       __InternalCxxFrameHandler  0000000140028e90 f   LIBCMTD:frame.obj
 0001:000282b0       __TypeMatch                00000001400292b0 f   LIBCMTD:frame.obj
 0001:000284a0       ?__GetCurrentState@@YAHPEA_KPEAU_xDISPATCHER_CONTEXT@@PEBU_s_FuncInfo@@@Z 00000001400294a0 f   LIBCMTD:ehstate.obj
 0001:00028500       ?__GetUnwindTryBlock@@YAHPEA_KPEAU_xDISPATCHER_CONTEXT@@PEBU_s_FuncInfo@@@Z 0000000140029500 f   LIBCMTD:ehstate.obj
 0001:00028550       ?__SetState@@YAXPEA_KPEAU_xDISPATCHER_CONTEXT@@PEBU_s_FuncInfo@@H@Z 0000000140029550 f   LIBCMTD:ehstate.obj
 0001:00028580       ?__SetUnwindTryBlock@@YAXPEA_KPEAU_xDISPATCHER_CONTEXT@@PEBU_s_FuncInfo@@H@Z 0000000140029580 f   LIBCMTD:ehstate.obj
 0001:000285f0       ?__StateFromControlPc@@YAHPEBU_s_FuncInfo@@PEAU_xDISPATCHER_CONTEXT@@@Z 00000001400295f0 f   LIBCMTD:ehstate.obj
 0001:00028620       ?__StateFromIp@@YAHPEBU_s_FuncInfo@@PEAU_xDISPATCHER_CONTEXT@@_J@Z 0000000140029620 f   LIBCMTD:ehstate.obj
 0001:00028700       __termconout               0000000140029700 f   LIBCMTD:initcon.obj
 0001:00028730       __initconout               0000000140029730 f   LIBCMTD:initcon.obj
 0001:00028790       memcmp                     0000000140029790 f   LIBCMTD:memcmp.obj
 0001:00028860       _woutput_s_l               0000000140029860 f   LIBCMTD:woutputs.obj
 0001:0002a150       _fputwc_nolock             000000014002b150 f   LIBCMTD:fputwc.obj
 0001:0002a5b0       _chsize_nolock             000000014002b5b0 f   LIBCMTD:chsize.obj
 0001:0002a840       _get_fmode                 000000014002b840 f   LIBCMTD:setmode.obj
 0001:0002a910       _setmode_nolock            000000014002b910 f   LIBCMTD:setmode.obj
 0001:0002ac50       _tolower_l                 000000014002bc50 f   LIBCMTD:tolower.obj
 0001:0002afb0       tolower                    000000014002bfb0 f   LIBCMTD:tolower.obj
 0001:0002b000       ??3@YAXPEAX@Z              000000014002c000 f   LIBCMTD:dbgdel.obj
 0001:0002b0e0       strcmp                     000000014002c0e0 f   LIBCMTD:strcmp.obj
 0001:0002b150       ?_ValidateExecute@@YAHP6A_JXZ@Z 000000014002c150 f   LIBCMTD:validate.obj
 0001:0002b180       ?_ValidateRead@@YAHPEBXI@Z 000000014002c180 f   LIBCMTD:validate.obj
 0001:0002b180       ?_ValidateWrite@@YAHPEAXI@Z 000000014002c180 f   LIBCMTD:validate.obj
 0001:0002b1c0       _CallSettingFrame          000000014002c1c0 f   LIBCMTD:handlers.obj
 0001:0002b200       _GetNextInstrOffset        000000014002c200 f   LIBCMTD:handlers.obj
 0001:0002b210       ??1type_info@@UEAA@XZ      000000014002c210 f   LIBCMTD:typinfo.obj
 0001:0002b240       ??8type_info@@QEBA_NAEBV0@@Z 000000014002c240 f   LIBCMTD:typinfo.obj
 0001:0002b290       ??_Gtype_info@@UEAAPEAXI@Z 000000014002c290 f i LIBCMTD:typinfo.obj
 0001:0002b290       ??_Etype_info@@UEAAPEAXI@Z 000000014002c290 f i LIBCMTD:typinfo.obj
 0001:0002b2d0       ??0exception@std@@QEAA@AEBQEBD@Z 000000014002c2d0 f   LIBCMTD:stdexcpt.obj
 0001:0002b320       ??0exception@std@@QEAA@AEBV01@@Z 000000014002c320 f   LIBCMTD:stdexcpt.obj
 0001:0002b370       ??1exception@std@@UEAA@XZ  000000014002c370 f   LIBCMTD:stdexcpt.obj
 0001:0002b3a0       ??4exception@std@@QEAAAEAV01@AEBV01@@Z 000000014002c3a0 f   LIBCMTD:stdexcpt.obj
 0001:0002b410       ??_Gexception@std@@UEAAPEAXI@Z 000000014002c410 f i LIBCMTD:stdexcpt.obj
 0001:0002b410       ??_Eexception@std@@UEAAPEAXI@Z 000000014002c410 f i LIBCMTD:stdexcpt.obj
 0001:0002b450       ?_Copy_str@exception@std@@AEAAXPEBD@Z 000000014002c450 f   LIBCMTD:stdexcpt.obj
 0001:0002b4c0       ?_Tidy@exception@std@@AEAAXXZ 000000014002c4c0 f   LIBCMTD:stdexcpt.obj
 0001:0002b500       ?what@exception@std@@UEBAPEBDXZ 000000014002c500 f   LIBCMTD:stdexcpt.obj
 0001:0002b540       _CxxThrowException         000000014002c540 f   LIBCMTD:throw.obj
 0001:0002b660       _flswbuf                   000000014002c660 f   LIBCMTD:_flswbuf.obj
 0001:0002ba10       ?_Type_info_dtor@type_info@@CAXPEAV1@@Z 000000014002ca10 f   LIBCMTD:typname.obj
 0001:0002bb20       __crt_atoflt_l             000000014002cb20 f   LIBCMTD:atodbl.obj
 0001:0002bcc0       _atodbl_l                  000000014002ccc0 f   LIBCMTD:atodbl.obj
 0001:0002be40       _atoflt_l                  000000014002ce40 f   LIBCMTD:atodbl.obj
 0001:0002be70       _fpmath                    000000014002ce70 f   LIBCMTD:fpinit.obj
 0001:0002be90       _cfltcvt_init              000000014002ce90 f   LIBCMTD:fpinit.obj
 0001:0002bfa0       _CopyMan                   000000014002cfa0 f i LIBCMTD:intrncvt.obj
 0001:0002c010       _FillZeroMan               000000014002d010 f i LIBCMTD:intrncvt.obj
 0001:0002c050       _IncMan                    000000014002d050 f i LIBCMTD:intrncvt.obj
 0001:0002c130       _IsZeroMan                 000000014002d130 f i LIBCMTD:intrncvt.obj
 0001:0002c170       _RoundMan                  000000014002d170 f i LIBCMTD:intrncvt.obj
 0001:0002c280       _ShrMan                    000000014002d280 f i LIBCMTD:intrncvt.obj
 0001:0002c3c0       _ZeroTail                  000000014002d3c0 f i LIBCMTD:intrncvt.obj
 0001:0002c470       __addl                     000000014002d470 f i LIBCMTD:intrncvt.obj
 0001:0002c4d0       _ld12cvt                   000000014002d4d0 f i LIBCMTD:intrncvt.obj
 0001:0002c840       _ld12tod                   000000014002d840 f   LIBCMTD:intrncvt.obj
 0001:0002c870       _ld12tof                   000000014002d870 f   LIBCMTD:intrncvt.obj
 0001:0002c8a0       __ld12mul                  000000014002d8a0 f i LIBCMTD:strgtold.obj
 0001:0002ce10       __multtenpow12             000000014002de10 f i LIBCMTD:strgtold.obj
 0001:0002cf40       __shl_12                   000000014002df40 f i LIBCMTD:strgtold.obj
 0001:0002cfe0       __shr_12                   000000014002dfe0 f i LIBCMTD:strgtold.obj
 0001:0002d080       __strgtold12_l             000000014002e080 f   LIBCMTD:strgtold.obj
 0001:0002de60       ?strrchr@@YAPEADPEADH@Z    000000014002ee60 f i LIBCMTD:cvt.obj
 0001:0002de80       _cfltcvt                   000000014002ee80 f   LIBCMTD:cvt.obj
 0001:0002ded0       _cfltcvt_l                 000000014002eed0 f   LIBCMTD:cvt.obj
 0001:0002dff0       _cftoa_l                   000000014002eff0 f   LIBCMTD:cvt.obj
 0001:0002eaf0       _cftoe                     000000014002faf0 f   LIBCMTD:cvt.obj
 0001:0002f110       _cftoe_l                   0000000140030110 f   LIBCMTD:cvt.obj
 0001:0002f810       _cftof_l                   0000000140030810 f   LIBCMTD:cvt.obj
 0001:0002faf0       _cftog_l                   0000000140030af0 f   LIBCMTD:cvt.obj
 0001:0002feb0       _cropzeros                 0000000140030eb0 f   LIBCMTD:cvt.obj
 0001:0002fed0       _cropzeros_l               0000000140030ed0 f   LIBCMTD:cvt.obj
 0001:00030050       _fassign                   0000000140031050 f   LIBCMTD:cvt.obj
 0001:00030080       _fassign_l                 0000000140031080 f   LIBCMTD:cvt.obj
 0001:000300f0       _forcdecpt                 00000001400310f0 f   LIBCMTD:cvt.obj
 0001:00030110       _forcdecpt_l               0000000140031110 f   LIBCMTD:cvt.obj
 0001:00030210       _positive                  0000000140031210 f   LIBCMTD:cvt.obj
 0001:000302a0       __add_12                   00000001400312a0 f i LIBCMTD:mantold.obj
 0001:00030380       __mtold12                  0000000140031380 f   LIBCMTD:mantold.obj
 0001:00030510       _isdigit_l                 0000000140031510 f i LIBCMTD:_ctype.obj
 0001:000305b0       isdigit                    00000001400315b0 f i LIBCMTD:_ctype.obj
 0001:000305f0       strrchr                    00000001400315f0 f   LIBCMTD:strrchr.obj
 0001:00030a10       _fptostr                   0000000140031a10 f   LIBCMTD:_fptostr.obj
 0001:00030e70       __dtold                    0000000140031e70 f   LIBCMTD:cfout.obj
 0001:00031020       _fltout2                   0000000140032020 f   LIBCMTD:cfout.obj
 0001:00031130       $I10_OUTPUT                0000000140032130 f   LIBCMTD:x10fout.obj
 0001:000319e2       IsProcessorFeaturePresent  00000001400329e2 f   kernel32:KERNEL32.dll
 0001:000319e8       RtlUnwindEx                00000001400329e8 f   kernel32:KERNEL32.dll
 0002:00000000       __imp_CreateDirectoryA     0000000140034000     kernel32:KERNEL32.dll
 0002:00000008       __imp_FindClose            0000000140034008     kernel32:KERNEL32.dll
 0002:00000010       __imp_FindFirstFileA       0000000140034010     kernel32:KERNEL32.dll
 0002:00000018       __imp_FindNextFileA        0000000140034018     kernel32:KERNEL32.dll
 0002:00000020       __imp_FreeLibrary          0000000140034020     kernel32:KERNEL32.dll
 0002:00000028       __imp_GetProcAddress       0000000140034028     kernel32:KERNEL32.dll
 0002:00000030       __imp_LoadLibraryA         0000000140034030     kernel32:KERNEL32.dll
 0002:00000038       __imp_EnterCriticalSection 0000000140034038     kernel32:KERNEL32.dll
 0002:00000040       __imp_LeaveCriticalSection 0000000140034040     kernel32:KERNEL32.dll
 0002:00000048       __imp_ReadFile             0000000140034048     kernel32:KERNEL32.dll
 0002:00000050       __imp_EncodePointer        0000000140034050     kernel32:KERNEL32.dll
 0002:00000058       __imp_DecodePointer        0000000140034058     kernel32:KERNEL32.dll
 0002:00000060       __imp_GetLastError         0000000140034060     kernel32:KERNEL32.dll
 0002:00000068       __imp_ExitProcess          0000000140034068     kernel32:KERNEL32.dll
 0002:00000070       __imp_GetModuleHandleExW   0000000140034070     kernel32:KERNEL32.dll
 0002:00000078       __imp_AreFileApisANSI      0000000140034078     kernel32:KERNEL32.dll
 0002:00000080       __imp_MultiByteToWideChar  0000000140034080     kernel32:KERNEL32.dll
 0002:00000088       __imp_WideCharToMultiByte  0000000140034088     kernel32:KERNEL32.dll
 0002:00000090       __imp_GetCommandLineA      0000000140034090     kernel32:KERNEL32.dll
 0002:00000098       __imp_DeleteCriticalSection 0000000140034098     kernel32:KERNEL32.dll
 0002:000000a0       __imp_HeapSize             00000001400340a0     kernel32:KERNEL32.dll
 0002:000000a8       __imp_HeapValidate         00000001400340a8     kernel32:KERNEL32.dll
 0002:000000b0       __imp_GetSystemInfo        00000001400340b0     kernel32:KERNEL32.dll
 0002:000000b8       __imp_IsDebuggerPresent    00000001400340b8     kernel32:KERNEL32.dll
 0002:000000c0       __imp_IsProcessorFeaturePresent 00000001400340c0     kernel32:KERNEL32.dll
 0002:000000c8       __imp_CloseHandle          00000001400340c8     kernel32:KERNEL32.dll
 0002:000000d0       __imp_GetModuleFileNameW   00000001400340d0     kernel32:KERNEL32.dll
 0002:000000d8       __imp_RtlUnwindEx          00000001400340d8     kernel32:KERNEL32.dll
 0002:000000e0       __imp_GetStdHandle         00000001400340e0     kernel32:KERNEL32.dll
 0002:000000e8       __imp_GetFileType          00000001400340e8     kernel32:KERNEL32.dll
 0002:000000f0       __imp_GetStartupInfoW      00000001400340f0     kernel32:KERNEL32.dll
 0002:000000f8       __imp_GetConsoleMode       00000001400340f8     kernel32:KERNEL32.dll
 0002:00000100       __imp_ReadConsoleW         0000000140034100     kernel32:KERNEL32.dll
 0002:00000108       __imp_SetFilePointerEx     0000000140034108     kernel32:KERNEL32.dll
 0002:00000110       __imp_RtlCaptureContext    0000000140034110     kernel32:KERNEL32.dll
 0002:00000118       __imp_RtlLookupFunctionEntry 0000000140034118     kernel32:KERNEL32.dll
 0002:00000120       __imp_RtlVirtualUnwind     0000000140034120     kernel32:KERNEL32.dll
 0002:00000128       __imp_UnhandledExceptionFilter 0000000140034128     kernel32:KERNEL32.dll
 0002:00000130       __imp_SetUnhandledExceptionFilter 0000000140034130     kernel32:KERNEL32.dll
 0002:00000138       __imp_SetLastError         0000000140034138     kernel32:KERNEL32.dll
 0002:00000140       __imp_InitializeCriticalSectionAndSpinCount 0000000140034140     kernel32:KERNEL32.dll
 0002:00000148       __imp_GetCurrentProcess    0000000140034148     kernel32:KERNEL32.dll
 0002:00000150       __imp_TerminateProcess     0000000140034150     kernel32:KERNEL32.dll
 0002:00000158       __imp_TlsAlloc             0000000140034158     kernel32:KERNEL32.dll
 0002:00000160       __imp_TlsGetValue          0000000140034160     kernel32:KERNEL32.dll
 0002:00000168       __imp_TlsSetValue          0000000140034168     kernel32:KERNEL32.dll
 0002:00000170       __imp_TlsFree              0000000140034170     kernel32:KERNEL32.dll
 0002:00000178       __imp_GetModuleHandleW     0000000140034178     kernel32:KERNEL32.dll
 0002:00000180       __imp_WriteFile            0000000140034180     kernel32:KERNEL32.dll
 0002:00000188       __imp_LoadLibraryExW       0000000140034188     kernel32:KERNEL32.dll
 0002:00000190       __imp_IsValidCodePage      0000000140034190     kernel32:KERNEL32.dll
 0002:00000198       __imp_GetACP               0000000140034198     kernel32:KERNEL32.dll
 0002:000001a0       __imp_GetOEMCP             00000001400341a0     kernel32:KERNEL32.dll
 0002:000001a8       __imp_GetCPInfo            00000001400341a8     kernel32:KERNEL32.dll
 0002:000001b0       __imp_GetCurrentThreadId   00000001400341b0     kernel32:KERNEL32.dll
 0002:000001b8       __imp_GetProcessHeap       00000001400341b8     kernel32:KERNEL32.dll
 0002:000001c0       __imp_GetModuleFileNameA   00000001400341c0     kernel32:KERNEL32.dll
 0002:000001c8       __imp_QueryPerformanceCounter 00000001400341c8     kernel32:KERNEL32.dll
 0002:000001d0       __imp_GetCurrentProcessId  00000001400341d0     kernel32:KERNEL32.dll
 0002:000001d8       __imp_GetSystemTimeAsFileTime 00000001400341d8     kernel32:KERNEL32.dll
 0002:000001e0       __imp_GetEnvironmentStringsW 00000001400341e0     kernel32:KERNEL32.dll
 0002:000001e8       __imp_FreeEnvironmentStringsW 00000001400341e8     kernel32:KERNEL32.dll
 0002:000001f0       __imp_FlushFileBuffers     00000001400341f0     kernel32:KERNEL32.dll
 0002:000001f8       __imp_GetConsoleCP         00000001400341f8     kernel32:KERNEL32.dll
 0002:00000200       __imp_HeapFree             0000000140034200     kernel32:KERNEL32.dll
 0002:00000208       __imp_HeapReAlloc          0000000140034208     kernel32:KERNEL32.dll
 0002:00000210       __imp_HeapQueryInformation 0000000140034210     kernel32:KERNEL32.dll
 0002:00000218       __imp_HeapAlloc            0000000140034218     kernel32:KERNEL32.dll
 0002:00000220       __imp_SetStdHandle         0000000140034220     kernel32:KERNEL32.dll
 0002:00000228       __imp_OutputDebugStringW   0000000140034228     kernel32:KERNEL32.dll
 0002:00000230       __imp_WaitForSingleObjectEx 0000000140034230     kernel32:KERNEL32.dll
 0002:00000238       __imp_CreateThread         0000000140034238     kernel32:KERNEL32.dll
 0002:00000240       __imp_OutputDebugStringA   0000000140034240     kernel32:KERNEL32.dll
 0002:00000248       __imp_WriteConsoleW        0000000140034248     kernel32:KERNEL32.dll
 0002:00000250       __imp_LCMapStringW         0000000140034250     kernel32:KERNEL32.dll
 0002:00000258       __imp_GetStringTypeW       0000000140034258     kernel32:KERNEL32.dll
 0002:00000260       __imp_CreateFileW          0000000140034260     kernel32:KERNEL32.dll
 0002:00000268       __imp_RtlPcToFileHeader    0000000140034268     kernel32:KERNEL32.dll
 0002:00000270       __imp_RaiseException       0000000140034270     kernel32:KERNEL32.dll
 0002:00000278       __imp_SetEndOfFile         0000000140034278     kernel32:KERNEL32.dll
 0002:00000280       \177KERNEL32_NULL_THUNK_DATA 0000000140034280     kernel32:KERNEL32.dll
 0002:00000288       __xc_a                     0000000140034288     LIBCMTD:crt0init.obj
 0002:00000290       __xc_z                     0000000140034290     LIBCMTD:crt0init.obj
 0002:00000298       __xi_a                     0000000140034298     LIBCMTD:crt0init.obj
 0002:000002c8       __xi_z                     00000001400342c8     LIBCMTD:crt0init.obj
 0002:000002d0       __xp_a                     00000001400342d0     LIBCMTD:crt0init.obj
 0002:000002f0       __xp_z                     00000001400342f0     LIBCMTD:crt0init.obj
 0002:000002f8       __xt_a                     00000001400342f8     LIBCMTD:crt0init.obj
 0002:00000300       __xt_z                     0000000140034300     LIBCMTD:crt0init.obj
 0002:00000498       ??_C@_0CH@FPHLCLAF@f?3?2dd?2vctools?2crt?2crtw32?2stdio?2_@ 0000000140034498     LIBCMTD:_file.obj
 0002:000004c0       ??_C@_1CC@FADMNIL@?$AA?$CI?$AAs?$AAt?$AAr?$AAe?$AAa?$AAm?$AA?5?$AA?$CB?$AA?$DN?$AA?5?$AAN?$AAU?$AAL?$AAL?$AA?$CJ?$AA?$AA@ 00000001400344c0     LIBCMTD:fclose.obj
 0002:000004e4       ??_C@_15GANGMFKL@?$AA?$CF?$AAs?$AA?$AA@ 00000001400344e4     LIBCMTD:fclose.obj
 0002:000004f0       ??_C@_1FA@HHFEGMDA@?$AAf?$AA?3?$AA?2?$AAd?$AAd?$AA?2?$AAv?$AAc?$AAt?$AAo?$AAo?$AAl?$AAs?$AA?2?$AAc?$AAr?$AAt?$AA?2?$AAc?$AAr?$AAt?$AAw?$AA3?$AA2?$AA?2?$AAs?$AAt?$AAd?$AAi?$AAo?$AA?2?$AAf@ 00000001400344f0     LIBCMTD:fclose.obj
 0002:00000540       ??_C@_1O@EGMJNCOI@?$AAf?$AAc?$AAl?$AAo?$AAs?$AAe?$AA?$AA@ 0000000140034540     LIBCMTD:fclose.obj
 0002:00000550       ??_C@_1BM@JMKHIAHP@?$AA?$CI?$AAs?$AAt?$AAr?$AA?5?$AA?$CB?$AA?$DN?$AA?5?$AAN?$AAU?$AAL?$AAL?$AA?$CJ?$AA?$AA@ 0000000140034550     LIBCMTD:fclose.obj
 0002:00000570       ??_C@_1BO@JINCABEC@?$AA_?$AAf?$AAc?$AAl?$AAo?$AAs?$AAe?$AA_?$AAn?$AAo?$AAl?$AAo?$AAc?$AAk?$AA?$AA@ 0000000140034570     LIBCMTD:fclose.obj
 0002:00000590       ??_C@_1BO@CLGIAEOJ@?$AA?$CI?$AAf?$AAi?$AAl?$AAe?$AA?5?$AA?$CB?$AA?$DN?$AA?5?$AAN?$AAU?$AAL?$AAL?$AA?$CJ?$AA?$AA@ 0000000140034590     LIBCMTD:fopen.obj
 0002:000005b0       ??_C@_1EO@HOHPPGLK@?$AAf?$AA?3?$AA?2?$AAd?$AAd?$AA?2?$AAv?$AAc?$AAt?$AAo?$AAo?$AAl?$AAs?$AA?2?$AAc?$AAr?$AAt?$AA?2?$AAc?$AAr?$AAt?$AAw?$AA3?$AA2?$AA?2?$AAs?$AAt?$AAd?$AAi?$AAo?$AA?2?$AAf@ 00000001400345b0     LIBCMTD:fopen.obj
 0002:00000600       ??_C@_1BA@HNEAFMNL@?$AA_?$AAf?$AAs?$AAo?$AAp?$AAe?$AAn?$AA?$AA@ 0000000140034600     LIBCMTD:fopen.obj
 0002:00000610       ??_C@_1BO@MJMKAKCJ@?$AA?$CI?$AAm?$AAo?$AAd?$AAe?$AA?5?$AA?$CB?$AA?$DN?$AA?5?$AAN?$AAU?$AAL?$AAL?$AA?$CJ?$AA?$AA@ 0000000140034610     LIBCMTD:fopen.obj
 0002:00000630       ??_C@_1CI@HBNALCBB@?$AA?$CI?$AA?$CK?$AAm?$AAo?$AAd?$AAe?$AA?5?$AA?$CB?$AA?$DN?$AA?5?$AA_?$AAT?$AA?$CI?$AA?8?$AA?2?$AA0?$AA?8?$AA?$CJ?$AA?$CJ?$AA?$AA@ 0000000140034630     LIBCMTD:fopen.obj
 0002:00000658       ??_C@_1CA@LLJLFCDN@?$AA?$CI?$AAp?$AAf?$AAi?$AAl?$AAe?$AA?5?$AA?$CB?$AA?$DN?$AA?5?$AAN?$AAU?$AAL?$AAL?$AA?$CJ?$AA?$AA@ 0000000140034658     LIBCMTD:fopen.obj
 0002:00000678       ??_C@_1BA@PBGKCCAP@?$AAf?$AAo?$AAp?$AAe?$AAn?$AA_?$AAs?$AA?$AA@ 0000000140034678     LIBCMTD:fopen.obj
 0002:00000690       ??_C@_1FC@FLPGPAOO@?$AAf?$AA?3?$AA?2?$AAd?$AAd?$AA?2?$AAv?$AAc?$AAt?$AAo?$AAo?$AAl?$AAs?$AA?2?$AAc?$AAr?$AAt?$AA?2?$AAc?$AAr?$AAt?$AAw?$AA3?$AA2?$AA?2?$AAs?$AAt?$AAd?$AAi?$AAo?$AA?2?$AAf@ 0000000140034690     LIBCMTD:fprintf.obj
 0002:000006e8       ??_C@_1BA@DNOHIGNM@?$AAf?$AAp?$AAr?$AAi?$AAn?$AAt?$AAf?$AA?$AA@ 00000001400346e8     LIBCMTD:fprintf.obj
 0002:000006f8       ??_C@_1CC@MGIEJOME@?$AA?$CI?$AAf?$AAo?$AAr?$AAm?$AAa?$AAt?$AA?5?$AA?$CB?$AA?$DN?$AA?5?$AAN?$AAU?$AAL?$AAL?$AA?$CJ?$AA?$AA@ 00000001400346f8     LIBCMTD:fprintf.obj
 0002:00000720       ??_C@_1BAA@ODEGEDCK@?$AA?$CI?$AA?5?$AA?$CI?$AA_?$AAS?$AAt?$AAr?$AAe?$AAa?$AAm?$AA?9?$AA?$DO?$AA_?$AAf?$AAl?$AAa?$AAg?$AA?5?$AA?$CG?$AA?5?$AA_?$AAI?$AAO?$AAS?$AAT?$AAR?$AAG?$AA?$CJ?$AA?5?$AA?$HM?$AA?$HM?$AA?5@ 0000000140034720     LIBCMTD:fprintf.obj
 0002:00000820       ??_C@_1CC@OLIJCKA@?$AA?$CI?$AAs?$AAt?$AAr?$AAi?$AAn?$AAg?$AA?5?$AA?$CB?$AA?$DN?$AA?5?$AAN?$AAU?$AAL?$AAL?$AA?$CJ?$AA?$AA@ 0000000140034820     LIBCMTD:fputs.obj
 0002:00000850       ??_C@_1EO@PJCIMHBM@?$AAf?$AA?3?$AA?2?$AAd?$AAd?$AA?2?$AAv?$AAc?$AAt?$AAo?$AAo?$AAl?$AAs?$AA?2?$AAc?$AAr?$AAt?$AA?2?$AAc?$AAr?$AAt?$AAw?$AA3?$AA2?$AA?2?$AAs?$AAt?$AAd?$AAi?$AAo?$AA?2?$AAf@ 0000000140034850     LIBCMTD:fputs.obj
 0002:000008a0       ??_C@_1M@LIIFKKLB@?$AAf?$AAp?$AAu?$AAt?$AAs?$AA?$AA@ 00000001400348a0     LIBCMTD:fputs.obj
 0002:000008b0       ??_C@_1EO@KDKHJMND@?$AAf?$AA?3?$AA?2?$AAd?$AAd?$AA?2?$AAv?$AAc?$AAt?$AAo?$AAo?$AAl?$AAs?$AA?2?$AAc?$AAr?$AAt?$AA?2?$AAc?$AAr?$AAt?$AAw?$AA3?$AA2?$AA?2?$AAs?$AAt?$AAd?$AAi?$AAo?$AA?2?$AAf@ 00000001400348b0     LIBCMTD:fread.obj
 0002:00000900       ??_C@_1BA@CMLCEIGG@?$AAf?$AAr?$AAe?$AAa?$AAd?$AA_?$AAs?$AA?$AA@ 0000000140034900     LIBCMTD:fread.obj
 0002:00000910       ??_C@_1CC@CGFEEBMC@?$AA?$CI?$AAb?$AAu?$AAf?$AAf?$AAe?$AAr?$AA?5?$AA?$CB?$AA?$DN?$AA?5?$AAN?$AAU?$AAL?$AAL?$AA?$CJ?$AA?$AA@ 0000000140034910     LIBCMTD:fread.obj
 0002:00000938       ??_C@_1CA@IDPOGFL@?$AA_?$AAf?$AAr?$AAe?$AAa?$AAd?$AA_?$AAn?$AAo?$AAl?$AAo?$AAc?$AAk?$AA_?$AAs?$AA?$AA@ 0000000140034938     LIBCMTD:fread.obj
 0002:00000960       ??_C@_1EA@FAMECDND@?$AAn?$AAu?$AAm?$AA?5?$AA?$DM?$AA?$DN?$AA?5?$AA?$CI?$AAS?$AAI?$AAZ?$AAE?$AA_?$AAM?$AAA?$AAX?$AA?5?$AA?1?$AA?5?$AAe?$AAl?$AAe?$AAm?$AAe?$AAn?$AAt?$AAS?$AAi?$AAz?$AAe?$AA?$CJ?$AA?$AA@ 0000000140034960     LIBCMTD:fread.obj
 0002:000009a0       ??_C@_1LG@DCNDJCHK@?$AA?$CI?$AA?$CC?$AAI?$AAn?$AAc?$AAo?$AAn?$AAs?$AAi?$AAs?$AAt?$AAe?$AAn?$AAt?$AA?5?$AAS?$AAt?$AAr?$AAe?$AAa?$AAm?$AA?5?$AAC?$AAo?$AAu?$AAn?$AAt?$AA?4?$AA?5?$AAF?$AAl?$AAu@ 00000001400349a0     LIBCMTD:fread.obj
 0002:00000a58       ??_C@_1DA@DKEFLDMG@?$AA?$CI?$AA?$CC?$AAb?$AAu?$AAf?$AAf?$AAe?$AAr?$AA?5?$AAt?$AAo?$AAo?$AA?5?$AAs?$AAm?$AAa?$AAl?$AAl?$AA?$CC?$AA?0?$AA?5?$AA0?$AA?$CJ?$AA?$AA@ 0000000140034a58     LIBCMTD:fread.obj
 0002:00000a90       ??_C@_1EO@OOGDMPHD@?$AAf?$AA?3?$AA?2?$AAd?$AAd?$AA?2?$AAv?$AAc?$AAt?$AAo?$AAo?$AAl?$AAs?$AA?2?$AAc?$AAr?$AAt?$AA?2?$AAc?$AAr?$AAt?$AAw?$AA3?$AA2?$AA?2?$AAs?$AAt?$AAd?$AAi?$AAo?$AA?2?$AAf@ 0000000140034a90     LIBCMTD:fseek.obj
 0002:00000ae0       ??_C@_1M@HCCOIONH@?$AAf?$AAs?$AAe?$AAe?$AAk?$AA?$AA@ 0000000140034ae0     LIBCMTD:fseek.obj
 0002:00000af0       ??_C@_1IO@PMHBOLJK@?$AA?$CI?$AA?$CI?$AAw?$AAh?$AAe?$AAn?$AAc?$AAe?$AA?5?$AA?$DN?$AA?$DN?$AA?5?$AAS?$AAE?$AAE?$AAK?$AA_?$AAS?$AAE?$AAT?$AA?$CJ?$AA?5?$AA?$HM?$AA?$HM?$AA?5?$AA?$CI?$AAw?$AAh?$AAe?$AAn?$AAc?$AAe@ 0000000140034af0     LIBCMTD:fseek.obj
 0002:00000b80       ??_C@_1EO@HNHOEHGA@?$AAf?$AA?3?$AA?2?$AAd?$AAd?$AA?2?$AAv?$AAc?$AAt?$AAo?$AAo?$AAl?$AAs?$AA?2?$AAc?$AAr?$AAt?$AA?2?$AAc?$AAr?$AAt?$AAw?$AA3?$AA2?$AA?2?$AAs?$AAt?$AAd?$AAi?$AAo?$AA?2?$AAf@ 0000000140034b80     LIBCMTD:ftell.obj
 0002:00000bd0       ??_C@_1M@CKCKPMNP@?$AAf?$AAt?$AAe?$AAl?$AAl?$AA?$AA@ 0000000140034bd0     LIBCMTD:ftell.obj
 0002:00000be0       ??_C@_1BM@EPIDANEK@?$AA_?$AAf?$AAt?$AAe?$AAl?$AAl?$AA_?$AAn?$AAo?$AAl?$AAo?$AAc?$AAk?$AA?$AA@ 0000000140034be0     LIBCMTD:ftell.obj
 0002:00000c00       ??_C@_1FA@GMJBBNDK@?$AAf?$AA?3?$AA?2?$AAd?$AAd?$AA?2?$AAv?$AAc?$AAt?$AAo?$AAo?$AAl?$AAs?$AA?2?$AAc?$AAr?$AAt?$AA?2?$AAc?$AAr?$AAt?$AAw?$AA3?$AA2?$AA?2?$AAs?$AAt?$AAd?$AAi?$AAo?$AA?2?$AAp@ 0000000140034c00     LIBCMTD:printf.obj
 0002:00000c50       ??_C@_1O@GKDHFACN@?$AAp?$AAr?$AAi?$AAn?$AAt?$AAf?$AA?$AA@ 0000000140034c50     LIBCMTD:printf.obj
 0002:00000c60       ??_C@_1BI@BGOHAHKC@?$AAm?$AAs?$AAc?$AAo?$AAr?$AAe?$AAe?$AA?4?$AAd?$AAl?$AAl?$AA?$AA@ 0000000140034c60     LIBCMTD:crt0dat.obj
 0002:00000c78       ??_C@_0P@MIGLKIOC@CorExitProcess?$AA@ 0000000140034c78     LIBCMTD:crt0dat.obj
 0002:00000c90       ??_C@_1FG@MHCBBJEK@?$AAf?$AA?3?$AA?2?$AAd?$AAd?$AA?2?$AAv?$AAc?$AAt?$AAo?$AAo?$AAl?$AAs?$AA?2?$AAc?$AAr?$AAt?$AA?2?$AAc?$AAr?$AAt?$AAw?$AA3?$AA2?$AA?2?$AAs?$AAt?$AAa?$AAr?$AAt?$AAu?$AAp@ 0000000140034c90     LIBCMTD:crt0dat.obj
 0002:00000ce8       ??_C@_1BK@DJNILIMN@?$AAp?$AAa?$AAt?$AAh?$AA?5?$AA?$CB?$AA?$DN?$AA?5?$AAN?$AAU?$AAL?$AAL?$AA?$AA@ 0000000140034ce8     LIBCMTD:crt0dat.obj
 0002:00000d08       ??_C@_1DG@KANBJOCK@?$AA_?$AA_?$AAc?$AAo?$AAp?$AAy?$AA_?$AAp?$AAa?$AAt?$AAh?$AA_?$AAt?$AAo?$AA_?$AAw?$AAi?$AAd?$AAe?$AA_?$AAs?$AAt?$AAr?$AAi?$AAn?$AAg?$AA?$AA@ 0000000140034d08     LIBCMTD:crt0dat.obj
 0002:00000d40       ??_C@_1CA@BGODLPHH@?$AAo?$AAu?$AAt?$AAP?$AAa?$AAt?$AAh?$AA?5?$AA?$CB?$AA?$DN?$AA?5?$AAN?$AAU?$AAL?$AAL?$AA?$AA@ 0000000140034d40     LIBCMTD:crt0dat.obj
 0002:00000d60       ??_C@_0CL@LMMOJFEN@f?3?2dd?2vctools?2crt?2crtw32?2startup@ 0000000140034d60     LIBCMTD:crt0dat.obj
 0002:00000d90       ??_C@_1FC@NCPEPIBI@?$AA?$CI?$AA?$CI?$AA_?$AAD?$AAs?$AAt?$AA?$CJ?$AA?$CJ?$AA?5?$AA?$CB?$AA?$DN?$AA?5?$AAN?$AAU?$AAL?$AAL?$AA?5?$AA?$CG?$AA?$CG?$AA?5?$AA?$CI?$AA?$CI?$AA_?$AAS?$AAi?$AAz?$AAe?$AAI?$AAn?$AAB?$AAy?$AAt@ 0000000140034d90     LIBCMTD:strcpy_s.obj
 0002:00000df0       ??_C@_1FA@ILDLFIFE@?$AAf?$AA?3?$AA?2?$AAd?$AAd?$AA?2?$AAv?$AAc?$AAt?$AAo?$AAo?$AAl?$AAs?$AA?2?$AAc?$AAr?$AAt?$AA?2?$AAc?$AAr?$AAt?$AAw?$AA3?$AA2?$AA?2?$AAh?$AA?2?$AAt?$AAc?$AAs?$AAc?$AAp@ 0000000140034df0     LIBCMTD:strcpy_s.obj
 0002:00000e40       ??_C@_1BC@CFJEPFGF@?$AAs?$AAt?$AAr?$AAc?$AAp?$AAy?$AA_?$AAs?$AA?$AA@ 0000000140034e40     LIBCMTD:strcpy_s.obj
 0002:00000e58       ??_C@_1CG@OFBJMIGJ@?$AA?$CI?$AA?$CI?$AA?$CI?$AA_?$AAS?$AAr?$AAc?$AA?$CJ?$AA?$CJ?$AA?$CJ?$AA?5?$AA?$CB?$AA?$DN?$AA?5?$AAN?$AAU?$AAL?$AAL?$AA?$AA@ 0000000140034e58     LIBCMTD:strcpy_s.obj
 0002:00000e80       ??_C@_1CI@HCPHDDLE@?$AAB?$AAu?$AAf?$AAf?$AAe?$AAr?$AA?5?$AAi?$AAs?$AA?5?$AAt?$AAo?$AAo?$AA?5?$AAs?$AAm?$AAa?$AAl?$AAl?$AA?$AA@ 0000000140034e80     LIBCMTD:strcpy_s.obj
 0002:00000ea8       ??_C@_1DM@MADKGDLO@?$AA?$CI?$AAL?$AA?$CC?$AAB?$AAu?$AAf?$AAf?$AAe?$AAr?$AA?5?$AAi?$AAs?$AA?5?$AAt?$AAo?$AAo?$AA?5?$AAs?$AAm?$AAa?$AAl?$AAl?$AA?$CC?$AA?5?$AA?$CG?$AA?$CG?$AA?5?$AA0?$AA?$CJ?$AA?$AA@ 0000000140034ea8     LIBCMTD:strcpy_s.obj
 0002:00000ee8       ??_C@_0CJ@LPLBAFNO@f?3?2dd?2vctools?2crt?2crtw32?2startup@ 0000000140034ee8     LIBCMTD:mlock.obj
 0002:00000f40       ??_C@_04HJMOFLDF@Free?$AA@ 0000000140034f40     LIBCMTD:dbgheap.obj
 0002:00000f48       ??_C@_06EFAGIKOH@Normal?$AA@ 0000000140034f48     LIBCMTD:dbgheap.obj
 0002:00000f50       ??_C@_03OGPFLFLO@CRT?$AA@  0000000140034f50     LIBCMTD:dbgheap.obj
 0002:00000f54       ??_C@_06KMEJCCGM@Ignore?$AA@ 0000000140034f54     LIBCMTD:dbgheap.obj
 0002:00000f5c       ??_C@_06PJIGMIJB@Client?$AA@ 0000000140034f5c     LIBCMTD:dbgheap.obj
 0002:00000f68       ??_C@_1CE@LJFEPPMP@?$AA_?$AAC?$AAr?$AAt?$AAC?$AAh?$AAe?$AAc?$AAk?$AAM?$AAe?$AAm?$AAo?$AAr?$AAy?$AA?$CI?$AA?$CJ?$AA?$AA@ 0000000140034f68     LIBCMTD:dbgheap.obj
 0002:00000f90       ??_C@_1FA@JKEKCOIC@?$AAf?$AA?3?$AA?2?$AAd?$AAd?$AA?2?$AAv?$AAc?$AAt?$AAo?$AAo?$AAl?$AAs?$AA?2?$AAc?$AAr?$AAt?$AA?2?$AAc?$AAr?$AAt?$AAw?$AA3?$AA2?$AA?2?$AAm?$AAi?$AAs?$AAc?$AA?2?$AAd?$AAb@ 0000000140034f90     LIBCMTD:dbgheap.obj
 0002:00000fe0       ??_C@_0DF@BBEGIFEK@Client?5hook?5allocation?5failure?5a@ 0000000140034fe0     LIBCMTD:dbgheap.obj
 0002:00001018       ??_C@_0CB@CCLOLAHO@Client?5hook?5allocation?5failure?4?6@ 0000000140035018     LIBCMTD:dbgheap.obj
 0002:0000103c       ??_C@_02DKCKIIND@?$CFs?$AA@ 000000014003503c     LIBCMTD:dbgheap.obj
 0002:00001040       ??_C@_0CF@BICKFLAF@Invalid?5allocation?5size?3?5?$CFIu?5byt@ 0000000140035040     LIBCMTD:dbgheap.obj
 0002:00001068       ??_C@_0DC@JEMAGEKG@Error?3?5memory?5allocation?3?5bad?5me@ 0000000140035068     LIBCMTD:dbgheap.obj
 0002:000010a0       ??_C@_0DI@KKJPDPGM@Client?5hook?5re?9allocation?5failur@ 00000001400350a0     LIBCMTD:dbgheap.obj
 0002:000010d8       ??_C@_0CE@DOFMDOL@Client?5hook?5re?9allocation?5failur@ 00000001400350d8     LIBCMTD:dbgheap.obj
 0002:00001100       ??_C@_0ED@GPCPBAGP@Invalid?5allocation?5size?3?5?$CFIu?5byt@ 0000000140035100     LIBCMTD:dbgheap.obj
 0002:00001150       ??_C@_0FA@EFEIGJKG@Error?3?5memory?5allocation?3?5bad?5me@ 0000000140035150     LIBCMTD:dbgheap.obj
 0002:000011a0       ??_C@_0EM@LGFLMAGJ@The?5Block?5at?50x?$CFp?5was?5allocated?5@ 00000001400351a0     LIBCMTD:dbgheap.obj
 0002:000011f0       ??_C@_1EE@GFOPCECE@?$AA_?$AAC?$AAr?$AAt?$AAI?$AAs?$AAV?$AAa?$AAl?$AAi?$AAd?$AAH?$AAe?$AAa?$AAp?$AAP?$AAo?$AAi?$AAn?$AAt?$AAe?$AAr?$AA?$CI?$AAp?$AAU?$AAs?$AAe?$AAr?$AAD?$AAa?$AAt?$AAa@ 00000001400351f0     LIBCMTD:dbgheap.obj
 0002:00001240       ??_C@_1IK@DCPKDGNH@?$AAp?$AAO?$AAl?$AAd?$AAB?$AAl?$AAo?$AAc?$AAk?$AA?9?$AA?$DO?$AAn?$AAL?$AAi?$AAn?$AAe?$AA?5?$AA?$DN?$AA?$DN?$AA?5?$AAI?$AAG?$AAN?$AAO?$AAR?$AAE?$AA_?$AAL?$AAI?$AAN?$AAE?$AA?5@ 0000000140035240     LIBCMTD:dbgheap.obj
 0002:000012d0       ??_C@_0DA@HFBKENN@Error?3?5possible?5heap?5corruption?5@ 00000001400352d0     LIBCMTD:dbgheap.obj
 0002:00001300       ??_C@_1GE@PCKLOLAO@?$AAf?$AAR?$AAe?$AAa?$AAl?$AAl?$AAo?$AAc?$AA?5?$AA?$HM?$AA?$HM?$AA?5?$AA?$CI?$AA?$CB?$AAf?$AAR?$AAe?$AAa?$AAl?$AAl?$AAo?$AAc?$AA?5?$AA?$CG?$AA?$CG?$AA?5?$AAp?$AAN?$AAe?$AAw?$AAB?$AAl@ 0000000140035300     LIBCMTD:dbgheap.obj
 0002:00001368       ??_C@_1DC@GEFKNOOL@?$AA_?$AAp?$AAL?$AAa?$AAs?$AAt?$AAB?$AAl?$AAo?$AAc?$AAk?$AA?5?$AA?$DN?$AA?$DN?$AA?5?$AAp?$AAO?$AAl?$AAd?$AAB?$AAl?$AAo?$AAc?$AAk?$AA?$AA@ 0000000140035368     LIBCMTD:dbgheap.obj
 0002:000013a0       ??_C@_1DE@KOOKLFBB@?$AA_?$AAp?$AAF?$AAi?$AAr?$AAs?$AAt?$AAB?$AAl?$AAo?$AAc?$AAk?$AA?5?$AA?$DN?$AA?$DN?$AA?5?$AAp?$AAO?$AAl?$AAd?$AAB?$AAl?$AAo?$AAc?$AAk?$AA?$AA@ 00000001400353a0     LIBCMTD:dbgheap.obj
 0002:000013d8       ??_C@_1CE@CJACEFBA@?$AAp?$AAU?$AAs?$AAe?$AAr?$AAD?$AAa?$AAt?$AAa?$AA?5?$AA?$CB?$AA?$DN?$AA?5?$AAN?$AAU?$AAL?$AAL?$AA?$AA@ 00000001400353d8     LIBCMTD:dbgheap.obj
 0002:00001400       ??_C@_0EJ@HEIBCIMJ@The?5Block?5at?50x?$CFp?5was?5allocated?5@ 0000000140035400     LIBCMTD:dbgheap.obj
 0002:00001450       ??_C@_0BL@KEIPLFAC@Client?5hook?5free?5failure?4?6?$AA@ 0000000140035450     LIBCMTD:dbgheap.obj
 0002:00001470       ??_C@_1EO@LHDAJOCM@?$AA_?$AAB?$AAL?$AAO?$AAC?$AAK?$AA_?$AAT?$AAY?$AAP?$AAE?$AA_?$AAI?$AAS?$AA_?$AAV?$AAA?$AAL?$AAI?$AAD?$AA?$CI?$AAp?$AAH?$AAe?$AAa?$AAd?$AA?9?$AA?$DO?$AAn?$AAB?$AAl?$AAo@ 0000000140035470     LIBCMTD:dbgheap.obj
 0002:000014c0       ??_C@_0KI@JGFOHMEB@HEAP?5CORRUPTION?5DETECTED?3?5before@ 00000001400354c0     LIBCMTD:dbgheap.obj
 0002:00001570       ??_C@_0IK@PJCGLBOB@HEAP?5CORRUPTION?5DETECTED?3?5before@ 0000000140035570     LIBCMTD:dbgheap.obj
 0002:00001600       ??_C@_0KE@MBMNHHHN@HEAP?5CORRUPTION?5DETECTED?3?5after?5@ 0000000140035600     LIBCMTD:dbgheap.obj
 0002:000016b0       ??_C@_0IG@LEMBDCJK@HEAP?5CORRUPTION?5DETECTED?3?5after?5@ 00000001400356b0     LIBCMTD:dbgheap.obj
 0002:00001740       ??_C@_1HK@HPCBMDFG@?$AAp?$AAH?$AAe?$AAa?$AAd?$AA?9?$AA?$DO?$AAn?$AAL?$AAi?$AAn?$AAe?$AA?5?$AA?$DN?$AA?$DN?$AA?5?$AAI?$AAG?$AAN?$AAO?$AAR?$AAE?$AA_?$AAL?$AAI?$AAN?$AAE?$AA?5?$AA?$CG?$AA?$CG?$AA?5?$AAp@ 0000000140035740     LIBCMTD:dbgheap.obj
 0002:000017c0       ??_C@_1DM@ODCJIDCP@?$AAp?$AAH?$AAe?$AAa?$AAd?$AA?9?$AA?$DO?$AAn?$AAB?$AAl?$AAo?$AAc?$AAk?$AAU?$AAs?$AAe?$AA?5?$AA?$DN?$AA?$DN?$AA?5?$AAn?$AAB?$AAl?$AAo?$AAc?$AAk?$AAU?$AAs?$AAe?$AA?$AA@ 00000001400357c0     LIBCMTD:dbgheap.obj
 0002:00001800       ??_C@_1CK@DMAGEMBG@?$AA_?$AAp?$AAL?$AAa?$AAs?$AAt?$AAB?$AAl?$AAo?$AAc?$AAk?$AA?5?$AA?$DN?$AA?$DN?$AA?5?$AAp?$AAH?$AAe?$AAa?$AAd?$AA?$AA@ 0000000140035800     LIBCMTD:dbgheap.obj
 0002:00001830       ??_C@_1CM@MMAADDMD@?$AA_?$AAp?$AAF?$AAi?$AAr?$AAs?$AAt?$AAB?$AAl?$AAo?$AAc?$AAk?$AA?5?$AA?$DN?$AA?$DN?$AA?5?$AAp?$AAH?$AAe?$AAa?$AAd?$AA?$AA@ 0000000140035830     LIBCMTD:dbgheap.obj
 0002:00001860       ??_C@_1BG@MBKOGDLD@?$AA_?$AAm?$AAs?$AAi?$AAz?$AAe?$AA_?$AAd?$AAb?$AAg?$AA?$AA@ 0000000140035860     LIBCMTD:dbgheap.obj
 0002:00001878       ??_C@_0CE@MKKHMBMK@_heapchk?5fails?5with?5_HEAPBADBEGI@ 0000000140035878     LIBCMTD:dbgheap.obj
 0002:000018a0       ??_C@_0CD@CPKEAPBD@_heapchk?5fails?5with?5_HEAPBADNODE@ 00000001400358a0     LIBCMTD:dbgheap.obj
 0002:000018c8       ??_C@_0CC@MJGLGBDG@_heapchk?5fails?5with?5_HEAPBADEND?4@ 00000001400358c8     LIBCMTD:dbgheap.obj
 0002:000018f0       ??_C@_0CC@MFFCHFHO@_heapchk?5fails?5with?5_HEAPBADPTR?4@ 00000001400358f0     LIBCMTD:dbgheap.obj
 0002:00001918       ??_C@_0CL@HNNNMKMJ@_heapchk?5fails?5with?5unknown?5retu@ 0000000140035918     LIBCMTD:dbgheap.obj
 0002:00001948       ??_C@_07OHKEFPKJ@DAMAGED?$AA@ 0000000140035948     LIBCMTD:dbgheap.obj
 0002:00001950       ??_C@_0KA@IHNJJKPL@HEAP?5CORRUPTION?5DETECTED?3?5on?5top@ 0000000140035950     LIBCMTD:dbgheap.obj
 0002:000019f0       ??_C@_0IC@BBJIOOJH@HEAP?5CORRUPTION?5DETECTED?3?5on?5top@ 00000001400359f0     LIBCMTD:dbgheap.obj
 0002:00001a80       ??_C@_0EG@DGJMPDBH@?$CFhs?5located?5at?50x?$CFp?5is?5?$CFIu?5bytes@ 0000000140035a80     LIBCMTD:dbgheap.obj
 0002:00001ac8       ??_C@_0CI@JMLBEDHJ@?$CFhs?5located?5at?50x?$CFp?5is?5?$CFIu?5bytes@ 0000000140035ac8     LIBCMTD:dbgheap.obj
 0002:00001af0       ??_C@_1BHO@NNANJNF@?$AA?$CI?$AAf?$AAN?$AAe?$AAw?$AAB?$AAi?$AAt?$AAs?$AA?$DN?$AA?$DN?$AA_?$AAC?$AAR?$AAT?$AAD?$AAB?$AAG?$AA_?$AAR?$AAE?$AAP?$AAO?$AAR?$AAT?$AA_?$AAF?$AAL?$AAA?$AAG?$AA?$CJ?$AA?5@ 0000000140035af0     LIBCMTD:dbgheap.obj
 0002:00001c70       ??_C@_1BO@GJFDNMNF@?$AA_?$AAC?$AAr?$AAt?$AAS?$AAe?$AAt?$AAD?$AAb?$AAg?$AAF?$AAl?$AAa?$AAg?$AA?$AA@ 0000000140035c70     LIBCMTD:dbgheap.obj
 0002:00001c90       ??_C@_1BM@MIMANDHC@?$AAs?$AAt?$AAa?$AAt?$AAe?$AA?5?$AA?$CB?$AA?$DN?$AA?5?$AAN?$AAU?$AAL?$AAL?$AA?$AA@ 0000000140035c90     LIBCMTD:dbgheap.obj
 0002:00001cb0       ??_C@_1CE@NJJKELF@?$AA_?$AAC?$AAr?$AAt?$AAM?$AAe?$AAm?$AAC?$AAh?$AAe?$AAc?$AAk?$AAp?$AAo?$AAi?$AAn?$AAt?$AA?$AA@ 0000000140035cb0     LIBCMTD:dbgheap.obj
 0002:00001cd8       ??_C@_0DP@LEFMFBOD@Bad?5memory?5block?5found?5at?50x?$CFp?4?6@ 0000000140035cd8     LIBCMTD:dbgheap.obj
 0002:00001d18       ??_C@_0CB@EAAIGELO@Bad?5memory?5block?5found?5at?50x?$CFp?4?6@ 0000000140035d18     LIBCMTD:dbgheap.obj
 0002:00001d3c       ??_C@_05MKKEDADM@?$CF?42X?5?$AA@ 0000000140035d3c     LIBCMTD:dbgheap.obj
 0002:00001d48       ??_C@_1CG@LPFIACGM@?$AA_?$AAp?$AAr?$AAi?$AAn?$AAt?$AAM?$AAe?$AAm?$AAB?$AAl?$AAo?$AAc?$AAk?$AAD?$AAa?$AAt?$AAa?$AA?$AA@ 0000000140035d48     LIBCMTD:dbgheap.obj
 0002:00001d70       ??_C@_1BI@KALLJECN@?$AA?$CI?$AA?$CK?$AA_?$AAe?$AAr?$AAr?$AAn?$AAo?$AA?$CI?$AA?$CJ?$AA?$CJ?$AA?$AA@ 0000000140035d70     LIBCMTD:dbgheap.obj
 0002:00001d88       ??_C@_0BA@HJBKCELP@?5Data?3?5?$DM?$CFs?$DO?5?$CFs?6?$AA@ 0000000140035d88     LIBCMTD:dbgheap.obj
 0002:00001d98       ??_C@_0BE@KCIPKCIA@Dumping?5objects?5?9?$DO?6?$AA@ 0000000140035d98     LIBCMTD:dbgheap.obj
 0002:00001db0       ??_C@_0BE@OIEFNFL@?$CDFile?5Error?$CD?$CI?$CFd?$CJ?5?3?5?$AA@ 0000000140035db0     LIBCMTD:dbgheap.obj
 0002:00001dc8       ??_C@_0L@JMEFFCCJ@?$CFhs?$CI?$CFd?$CJ?5?3?5?$AA@ 0000000140035dc8     LIBCMTD:dbgheap.obj
 0002:00001dd4       ??_C@_06PKLGBFGM@?$HL?$CFld?$HN?5?$AA@ 0000000140035dd4     LIBCMTD:dbgheap.obj
 0002:00001de0       ??_C@_0DD@GHNAAKBB@client?5block?5at?50x?$CFp?0?5subtype?5?$CFx@ 0000000140035de0     LIBCMTD:dbgheap.obj
 0002:00001e18       ??_C@_0CH@FAGDDGPN@normal?5block?5at?50x?$CFp?0?5?$CFIu?5bytes?5@ 0000000140035e18     LIBCMTD:dbgheap.obj
 0002:00001e40       ??_C@_0DA@MDLBNIBM@crt?5block?5at?50x?$CFp?0?5subtype?5?$CFx?0?5?$CF@ 0000000140035e40     LIBCMTD:dbgheap.obj
 0002:00001e70       ??_C@_0BH@GFGKJDCO@Object?5dump?5complete?4?6?$AA@ 0000000140035e70     LIBCMTD:dbgheap.obj
 0002:00001e88       ??_C@_0BI@JBFPOEJA@Detected?5memory?5leaks?$CB?6?$AA@ 0000000140035e88     LIBCMTD:dbgheap.obj
 0002:00001ea0       ??_C@_1FA@CKEACION@?$AAf?$AA?3?$AA?2?$AAd?$AAd?$AA?2?$AAv?$AAc?$AAt?$AAo?$AAo?$AAl?$AAs?$AA?2?$AAc?$AAr?$AAt?$AA?2?$AAc?$AAr?$AAt?$AAw?$AA3?$AA2?$AA?2?$AAs?$AAt?$AAd?$AAi?$AAo?$AA?2?$AAf@ 0000000140035ea0     LIBCMTD:fileno.obj
 0002:00001ef0       ??_C@_1BA@JGHIEKKM@?$AA_?$AAf?$AAi?$AAl?$AAe?$AAn?$AAo?$AA?$AA@ 0000000140035ef0     LIBCMTD:fileno.obj
 0002:00001f00       ??_C@_1FO@LPCLHKGE@?$AA?$CI?$AAf?$AAh?$AA?5?$AA?$DO?$AA?$DN?$AA?5?$AA0?$AA?5?$AA?$CG?$AA?$CG?$AA?5?$AA?$CI?$AAu?$AAn?$AAs?$AAi?$AAg?$AAn?$AAe?$AAd?$AA?$CJ?$AAf?$AAh?$AA?5?$AA?$DM?$AA?5?$AA?$CI?$AAu?$AAn?$AAs?$AAi@ 0000000140035f00     LIBCMTD:close.obj
 0002:00001f60       ??_C@_1EO@EJLBBGEB@?$AAf?$AA?3?$AA?2?$AAd?$AAd?$AA?2?$AAv?$AAc?$AAt?$AAo?$AAo?$AAl?$AAs?$AA?2?$AAc?$AAr?$AAt?$AA?2?$AAc?$AAr?$AAt?$AAw?$AA3?$AA2?$AA?2?$AAl?$AAo?$AAw?$AAi?$AAo?$AA?2?$AAc@ 0000000140035f60     LIBCMTD:close.obj
 0002:00001fb0       ??_C@_1O@EDEJGJBM@?$AA_?$AAc?$AAl?$AAo?$AAs?$AAe?$AA?$AA@ 0000000140035fb0     LIBCMTD:close.obj
 0002:00001fc0       ??_C@_1CM@OKGMMMDH@?$AA?$CI?$AA_?$AAo?$AAs?$AAf?$AAi?$AAl?$AAe?$AA?$CI?$AAf?$AAh?$AA?$CJ?$AA?5?$AA?$CG?$AA?5?$AAF?$AAO?$AAP?$AAE?$AAN?$AA?$CJ?$AA?$AA@ 0000000140035fc0     LIBCMTD:close.obj
 0002:00001ff0       ??_C@_1JE@ECKHFIFP@?$AA?$CI?$AA?$CC?$AAI?$AAn?$AAv?$AAa?$AAl?$AAi?$AAd?$AA?5?$AAf?$AAi?$AAl?$AAe?$AA?5?$AAd?$AAe?$AAs?$AAc?$AAr?$AAi?$AAp?$AAt?$AAo?$AAr?$AA?4?$AA?5?$AAF?$AAi?$AAl?$AAe?$AA?5@ 0000000140035ff0     LIBCMTD:close.obj
 0002:00002088       ??_C@_1BO@KIJENGPH@?$AAs?$AAt?$AAr?$AAe?$AAa?$AAm?$AA?5?$AA?$CB?$AA?$DN?$AA?5?$AAN?$AAU?$AAL?$AAL?$AA?$AA@ 0000000140036088     LIBCMTD:_freebuf.obj
 0002:000020b0       ??_C@_1FE@DBCNNJOP@?$AAf?$AA?3?$AA?2?$AAd?$AAd?$AA?2?$AAv?$AAc?$AAt?$AAo?$AAo?$AAl?$AAs?$AA?2?$AAc?$AAr?$AAt?$AA?2?$AAc?$AAr?$AAt?$AAw?$AA3?$AA2?$AA?2?$AAs?$AAt?$AAd?$AAi?$AAo?$AA?2?$AA_@ 00000001400360b0     LIBCMTD:_freebuf.obj
 0002:00002120       ??_C@_1BA@GLMCNLEM@?$AAW?$AAa?$AAr?$AAn?$AAi?$AAn?$AAg?$AA?$AA@ 0000000140036120     LIBCMTD:dbgrptw.obj
 0002:00002130       ??_C@_1M@ILHOPKA@?$AAE?$AAr?$AAr?$AAo?$AAr?$AA?$AA@ 0000000140036130     LIBCMTD:dbgrptw.obj
 0002:00002140       ??_C@_1CC@CGHMNGDG@?$AAA?$AAs?$AAs?$AAe?$AAr?$AAt?$AAi?$AAo?$AAn?$AA?5?$AAF?$AAa?$AAi?$AAl?$AAe?$AAd?$AA?$AA@ 0000000140036140     LIBCMTD:dbgrptw.obj
 0002:00002168       ??_C@_17LGKOMLJ@?$AA?4?$AA?4?$AA?4?$AA?$AA@ 0000000140036168     LIBCMTD:dbgrptw.obj
 0002:00002170       ??_C@_1EO@JACJHHCK@?$AAf?$AA?3?$AA?2?$AAd?$AAd?$AA?2?$AAv?$AAc?$AAt?$AAo?$AAo?$AAl?$AAs?$AA?2?$AAc?$AAr?$AAt?$AA?2?$AAc?$AAr?$AAt?$AAw?$AA3?$AA2?$AA?2?$AAm?$AAi?$AAs?$AAc?$AA?2?$AAd?$AAb@ 0000000140036170     LIBCMTD:dbgrptw.obj
 0002:000021c0       ??_C@_1CI@PGJIFDEK@?$AA_?$AA_?$AAc?$AAr?$AAt?$AAM?$AAe?$AAs?$AAs?$AAa?$AAg?$AAe?$AAW?$AAi?$AAn?$AAd?$AAo?$AAw?$AAW?$AA?$AA@ 00000001400361c0     LIBCMTD:dbgrptw.obj
 0002:000021f0       ??_C@_1GI@DEDNNLCI@?$AAw?$AAc?$AAs?$AAc?$AAp?$AAy?$AA_?$AAs?$AA?$CI?$AAs?$AAz?$AAE?$AAx?$AAe?$AAN?$AAa?$AAm?$AAe?$AA?0?$AA?5?$AA2?$AA6?$AA0?$AA?0?$AA?5?$AAL?$AA?$CC?$AA?$DM?$AAp?$AAr?$AAo?$AAg@ 00000001400361f0     LIBCMTD:dbgrptw.obj
 0002:00002258       ??_C@_1CO@EAEJAADC@?$AA?$DM?$AAp?$AAr?$AAo?$AAg?$AAr?$AAa?$AAm?$AA?5?$AAn?$AAa?$AAm?$AAe?$AA?5?$AAu?$AAn?$AAk?$AAn?$AAo?$AAw?$AAn?$AA?$DO?$AA?$AA@ 0000000140036258     LIBCMTD:dbgrptw.obj
 0002:00002290       ??_C@_1NO@LECLLHOL@?$AAm?$AAe?$AAm?$AAc?$AAp?$AAy?$AA_?$AAs?$AA?$CI?$AAs?$AAz?$AAS?$AAh?$AAo?$AAr?$AAt?$AAP?$AAr?$AAo?$AAg?$AAN?$AAa?$AAm?$AAe?$AA?0?$AA?5?$AAs?$AAi?$AAz?$AAe?$AAo?$AAf@ 0000000140036290     LIBCMTD:dbgrptw.obj
 0002:00002370       ??_C@_1OG@PMPPFHAF@?$AA?6?$AA?6?$AAF?$AAo?$AAr?$AA?5?$AAi?$AAn?$AAf?$AAo?$AAr?$AAm?$AAa?$AAt?$AAi?$AAo?$AAn?$AA?5?$AAo?$AAn?$AA?5?$AAh?$AAo?$AAw?$AA?5?$AAy?$AAo?$AAu?$AAr?$AA?5?$AAp?$AAr@ 0000000140036370     LIBCMTD:dbgrptw.obj
 0002:00002458       ??_C@_11LOCGONAA@?$AA?$AA@ 0000000140036458     LIBCMTD:dbgrptw.obj
 0002:00002460       ??_C@_1BK@PEDCIPMA@?$AAE?$AAx?$AAp?$AAr?$AAe?$AAs?$AAs?$AAi?$AAo?$AAn?$AA?3?$AA?5?$AA?$AA@ 0000000140036460     LIBCMTD:dbgrptw.obj
 0002:0000247c       ??_C@_15IABLJNFO@?$AA?6?$AA?6?$AA?$AA@ 000000014003647c     LIBCMTD:dbgrptw.obj
 0002:00002488       ??_C@_1BA@GLLGCPCK@?$AA?6?$AAL?$AAi?$AAn?$AAe?$AA?3?$AA?5?$AA?$AA@ 0000000140036488     LIBCMTD:dbgrptw.obj
 0002:00002498       ??_C@_1BA@LNHECFIM@?$AA?6?$AAF?$AAi?$AAl?$AAe?$AA?3?$AA?5?$AA?$AA@ 0000000140036498     LIBCMTD:dbgrptw.obj
 0002:000024a8       ??_C@_1BE@CGCJKGHI@?$AA?6?$AAM?$AAo?$AAd?$AAu?$AAl?$AAe?$AA?3?$AA?5?$AA?$AA@ 00000001400364a8     LIBCMTD:dbgrptw.obj
 0002:000024c0       ??_C@_1KM@HNMIBKJH@?$AAD?$AAe?$AAb?$AAu?$AAg?$AA?5?$AA?$CF?$AAs?$AA?$CB?$AA?6?$AA?6?$AAP?$AAr?$AAo?$AAg?$AAr?$AAa?$AAm?$AA?3?$AA?5?$AA?$CF?$AAs?$AA?$CF?$AAs?$AA?$CF?$AAs?$AA?$CF?$AAs?$AA?$CF?$AAs?$AA?$CF?$AAs@ 00000001400364c0     LIBCMTD:dbgrptw.obj
 0002:00002570       ??_C@_1JI@EACPGHID@?$AAw?$AAc?$AAs?$AAc?$AAp?$AAy?$AA_?$AAs?$AA?$CI?$AAs?$AAz?$AAO?$AAu?$AAt?$AAM?$AAe?$AAs?$AAs?$AAa?$AAg?$AAe?$AA?0?$AA?5?$AA4?$AA0?$AA9?$AA6?$AA?0?$AA?5?$AAL?$AA?$CC?$AA_@ 0000000140036570     LIBCMTD:dbgrptw.obj
 0002:00002610       ??_C@_1FG@BBOLDHGF@?$AA_?$AAC?$AAr?$AAt?$AAD?$AAb?$AAg?$AAR?$AAe?$AAp?$AAo?$AAr?$AAt?$AA?3?$AA?5?$AAS?$AAt?$AAr?$AAi?$AAn?$AAg?$AA?5?$AAt?$AAo?$AAo?$AA?5?$AAl?$AAo?$AAn?$AAg?$AA?5?$AAo@ 0000000140036610     LIBCMTD:dbgrptw.obj
 0002:00002670       ??_C@_1EK@MBDPDCGA@?$AAM?$AAi?$AAc?$AAr?$AAo?$AAs?$AAo?$AAf?$AAt?$AA?5?$AAV?$AAi?$AAs?$AAu?$AAa?$AAl?$AA?5?$AAC?$AA?$CL?$AA?$CL?$AA?5?$AAR?$AAu?$AAn?$AAt?$AAi?$AAm?$AAe?$AA?5?$AAL?$AAi?$AAb@ 0000000140036670     LIBCMTD:dbgrptw.obj
 0002:000026c0       ??_C@_0CI@CCALCGFN@f?3?2dd?2vctools?2crt?2crtw32?2stdio?2s@ 00000001400366c0     LIBCMTD:stream.obj
 0002:00002710       ??_C@_1CC@JBMDNKJP@?$AAf?$AAi?$AAl?$AAe?$AAn?$AAa?$AAm?$AAe?$AA?5?$AA?$CB?$AA?$DN?$AA?5?$AAN?$AAU?$AAL?$AAL?$AA?$AA@ 0000000140036710     LIBCMTD:_open.obj
 0002:00002740       ??_C@_1EO@FCBMLNIH@?$AAf?$AA?3?$AA?2?$AAd?$AAd?$AA?2?$AAv?$AAc?$AAt?$AAo?$AAo?$AAl?$AAs?$AA?2?$AAc?$AAr?$AAt?$AA?2?$AAc?$AAr?$AAt?$AAw?$AA3?$AA2?$AA?2?$AAs?$AAt?$AAd?$AAi?$AAo?$AA?2?$AA_@ 0000000140036740     LIBCMTD:_open.obj
 0002:00002790       ??_C@_1BK@HGLMNMEC@?$AAm?$AAo?$AAd?$AAe?$AA?5?$AA?$CB?$AA?$DN?$AA?5?$AAN?$AAU?$AAL?$AAL?$AA?$AA@ 0000000140036790     LIBCMTD:_open.obj
 0002:000027b0       ??_C@_1BI@MFCLPIBM@?$AAs?$AAt?$AAr?$AA?5?$AA?$CB?$AA?$DN?$AA?5?$AAN?$AAU?$AAL?$AAL?$AA?$AA@ 00000001400367b0     LIBCMTD:_open.obj
 0002:000027c8       ??_C@_1DK@PKMJBLLN@?$AA?$CI?$AA?$CC?$AAI?$AAn?$AAv?$AAa?$AAl?$AAi?$AAd?$AA?5?$AAf?$AAi?$AAl?$AAe?$AA?5?$AAo?$AAp?$AAe?$AAn?$AA?5?$AAm?$AAo?$AAd?$AAe?$AA?$CC?$AA?0?$AA0?$AA?$CJ?$AA?$AA@ 00000001400367c8     LIBCMTD:_open.obj
 0002:00002808       ??_C@_1BE@DONHJJKE@?$AA_?$AAo?$AAp?$AAe?$AAn?$AAf?$AAi?$AAl?$AAe?$AA?$AA@ 0000000140036808     LIBCMTD:_open.obj
 0002:00002820       ??_C@_1CI@KEDPFCAL@?$AA?$CI?$AA?$CK?$AAm?$AAo?$AAd?$AAe?$AA?5?$AA?$DN?$AA?$DN?$AA?5?$AA_?$AAT?$AA?$CI?$AA?8?$AA?2?$AA0?$AA?8?$AA?$CJ?$AA?$CJ?$AA?$AA@ 0000000140036820     LIBCMTD:_open.obj
 0002:00002850       ??_C@_1FC@LKGACDMH@?$AAf?$AA?3?$AA?2?$AAd?$AAd?$AA?2?$AAv?$AAc?$AAt?$AAo?$AAo?$AAl?$AAs?$AA?2?$AAc?$AAr?$AAt?$AA?2?$AAc?$AAr?$AAt?$AAw?$AA3?$AA2?$AA?2?$AAs?$AAt?$AAd?$AAi?$AAo?$AA?2?$AA_@ 0000000140036850     LIBCMTD:_sftbuf.obj
 0002:000028a8       ??_C@_0CJ@KDJGPIJL@f?3?2dd?2vctools?2crt?2crtw32?2stdio?2_@ 00000001400368a8     LIBCMTD:_sftbuf.obj
 0002:000028d8       ??_C@_1CO@KCKAACMI@?$AAf?$AAl?$AAa?$AAg?$AA?5?$AA?$DN?$AA?$DN?$AA?5?$AA0?$AA?5?$AA?$HM?$AA?$HM?$AA?5?$AAf?$AAl?$AAa?$AAg?$AA?5?$AA?$DN?$AA?$DN?$AA?5?$AA1?$AA?$AA@ 00000001400368d8     LIBCMTD:_sftbuf.obj
 0002:00002908       ??_C@_06OJHGLDPL@?$CInull?$CJ?$AA@ 0000000140036908     LIBCMTD:output.obj
 0002:00002910       ??_C@_1O@CEDCILHN@?$AA?$CI?$AAn?$AAu?$AAl?$AAl?$AA?$CJ?$AA?$AA@ 0000000140036910     LIBCMTD:output.obj
 0002:00002920       __lookuptable              0000000140036920     LIBCMTD:output.obj
 0002:00002980       ??_C@_1FA@KMIJDCIC@?$AAf?$AA?3?$AA?2?$AAd?$AAd?$AA?2?$AAv?$AAc?$AAt?$AAo?$AAo?$AAl?$AAs?$AA?2?$AAc?$AAr?$AAt?$AA?2?$AAc?$AAr?$AAt?$AAw?$AA3?$AA2?$AA?2?$AAs?$AAt?$AAd?$AAi?$AAo?$AA?2?$AAo@ 0000000140036980     LIBCMTD:output.obj
 0002:000029d0       ??_C@_1BE@IONLIDNC@?$AA_?$AAo?$AAu?$AAt?$AAp?$AAu?$AAt?$AA_?$AAl?$AA?$AA@ 00000001400369d0     LIBCMTD:output.obj
 0002:000029e8       ??_C@_1CC@IFFHEMNF@?$AA?$CI?$AAc?$AAh?$AA?5?$AA?$CB?$AA?$DN?$AA?5?$AA_?$AAT?$AA?$CI?$AA?8?$AA?2?$AA0?$AA?8?$AA?$CJ?$AA?$CJ?$AA?$AA@ 00000001400369e8     LIBCMTD:output.obj
 0002:00002a10       ??_C@_1EK@PNGFDECN@?$AA?$CI?$AA?$CC?$AA?8?$AAn?$AA?8?$AA?5?$AAf?$AAo?$AAr?$AAm?$AAa?$AAt?$AA?5?$AAs?$AAp?$AAe?$AAc?$AAi?$AAf?$AAi?$AAe?$AAr?$AA?5?$AAd?$AAi?$AAs?$AAa?$AAb?$AAl?$AAe?$AAd?$AA?$CC@ 0000000140036a10     LIBCMTD:output.obj
 0002:00002a60       ??_C@_0CI@CMOPBIOD@f?3?2dd?2vctools?2crt?2crtw32?2stdio?2o@ 0000000140036a60     LIBCMTD:output.obj
 0002:00002a88       ??_C@_0CI@BIOGDJKL@f?3?2dd?2vctools?2crt?2crtw32?2lowio?2i@ 0000000140036a88     LIBCMTD:ioinit.obj
 0002:00002ab0       ??_C@_1FA@OFIKMJFM@?$AAf?$AA?3?$AA?2?$AAd?$AAd?$AA?2?$AAv?$AAc?$AAt?$AAo?$AAo?$AAl?$AAs?$AA?2?$AAc?$AAr?$AAt?$AA?2?$AAc?$AAr?$AAt?$AAw?$AA3?$AA2?$AA?2?$AAs?$AAt?$AAd?$AAi?$AAo?$AA?2?$AAf@ 0000000140036ab0     LIBCMTD:fwrite.obj
 0002:00002b00       ??_C@_1BO@JGPKCBCE@?$AA_?$AAf?$AAw?$AAr?$AAi?$AAt?$AAe?$AA_?$AAn?$AAo?$AAl?$AAo?$AAc?$AAk?$AA?$AA@ 0000000140036b00     LIBCMTD:fwrite.obj
 0002:00002b20       ??_C@_1DC@FHEPNAPF@?$AAn?$AAu?$AAm?$AA?5?$AA?$DM?$AA?$DN?$AA?5?$AA?$CI?$AAS?$AAI?$AAZ?$AAE?$AA_?$AAM?$AAA?$AAX?$AA?5?$AA?1?$AA?5?$AAs?$AAi?$AAz?$AAe?$AA?$CJ?$AA?$AA@ 0000000140036b20     LIBCMTD:fwrite.obj
 0002:00002b60       ??_C@_1FC@KLDIFLFI@?$AAf?$AA?3?$AA?2?$AAd?$AAd?$AA?2?$AAv?$AAc?$AAt?$AAo?$AAo?$AAl?$AAs?$AA?2?$AAc?$AAr?$AAt?$AA?2?$AAc?$AAr?$AAt?$AAw?$AA3?$AA2?$AA?2?$AAs?$AAt?$AAd?$AAi?$AAo?$AA?2?$AA_@ 0000000140036b60     LIBCMTD:_filbuf.obj
 0002:00002bb8       ??_C@_1BA@IIKEPOGH@?$AA_?$AAf?$AAi?$AAl?$AAb?$AAu?$AAf?$AA?$AA@ 0000000140036bb8     LIBCMTD:_filbuf.obj
 0002:00002bc8       ??_C@_1BI@GKKCBDMD@?$AAd?$AAs?$AAt?$AA?5?$AA?$CB?$AA?$DN?$AA?5?$AAN?$AAU?$AAL?$AAL?$AA?$AA@ 0000000140036bc8     LIBCMTD:memcpy_s.obj
 0002:00002be0       ??_C@_1FG@COJCEIPE@?$AAf?$AA?3?$AA?2?$AAd?$AAd?$AA?2?$AAv?$AAc?$AAt?$AAo?$AAo?$AAl?$AAs?$AA?2?$AAc?$AAr?$AAt?$AA?2?$AAc?$AAr?$AAt?$AAw?$AA3?$AA2?$AA?2?$AAs?$AAt?$AAr?$AAi?$AAn?$AAg?$AA?2@ 0000000140036be0     LIBCMTD:memcpy_s.obj
 0002:00002c38       ??_C@_1BC@GKHDJMGB@?$AAm?$AAe?$AAm?$AAc?$AAp?$AAy?$AA_?$AAs?$AA?$AA@ 0000000140036c38     LIBCMTD:memcpy_s.obj
 0002:00002c50       ??_C@_1BI@DCHLDCPP@?$AAs?$AAr?$AAc?$AA?5?$AA?$CB?$AA?$DN?$AA?5?$AAN?$AAU?$AAL?$AAL?$AA?$AA@ 0000000140036c50     LIBCMTD:memcpy_s.obj
 0002:00002c68       ??_C@_1CK@DDKKOLAN@?$AAs?$AAi?$AAz?$AAe?$AAI?$AAn?$AAB?$AAy?$AAt?$AAe?$AAs?$AA?5?$AA?$DO?$AA?$DN?$AA?5?$AAc?$AAo?$AAu?$AAn?$AAt?$AA?$AA@ 0000000140036c68     LIBCMTD:memcpy_s.obj
 0002:00002ca0       ??_C@_1EM@BALFJBIJ@?$AAf?$AA?3?$AA?2?$AAd?$AAd?$AA?2?$AAv?$AAc?$AAt?$AAo?$AAo?$AAl?$AAs?$AA?2?$AAc?$AAr?$AAt?$AA?2?$AAc?$AAr?$AAt?$AAw?$AA3?$AA2?$AA?2?$AAl?$AAo?$AAw?$AAi?$AAo?$AA?2?$AAr@ 0000000140036ca0     LIBCMTD:read.obj
 0002:00002cf0       ??_C@_1M@NHJOLLDM@?$AA_?$AAr?$AAe?$AAa?$AAd?$AA?$AA@ 0000000140036cf0     LIBCMTD:read.obj
 0002:00002d00       ??_C@_1CC@HBLPFNKH@?$AA?$CI?$AAc?$AAn?$AAt?$AA?5?$AA?$DM?$AA?$DN?$AA?5?$AAI?$AAN?$AAT?$AA_?$AAM?$AAA?$AAX?$AA?$CJ?$AA?$AA@ 0000000140036d00     LIBCMTD:read.obj
 0002:00002d28       ??_C@_1BK@JJBHNDKJ@?$AA_?$AAr?$AAe?$AAa?$AAd?$AA_?$AAn?$AAo?$AAl?$AAo?$AAc?$AAk?$AA?$AA@ 0000000140036d28     LIBCMTD:read.obj
 0002:00002d48       ??_C@_1CG@OHLJHGGK@?$AA?$CI?$AAi?$AAn?$AAp?$AAu?$AAt?$AAb?$AAu?$AAf?$AA?5?$AA?$CB?$AA?$DN?$AA?5?$AAN?$AAU?$AAL?$AAL?$AA?$CJ?$AA?$AA@ 0000000140036d48     LIBCMTD:read.obj
 0002:00002d70       ??_C@_1CC@EEOLPHGO@?$AA?$CI?$AA?$CI?$AAc?$AAn?$AAt?$AA?5?$AA?$CG?$AA?5?$AA1?$AA?$CJ?$AA?5?$AA?$DN?$AA?$DN?$AA?5?$AA0?$AA?$CJ?$AA?$AA@ 0000000140036d70     LIBCMTD:read.obj
 0002:00002d98       ??_C@_0CG@JHNDLPLJ@f?3?2dd?2vctools?2crt?2crtw32?2lowio?2r@ 0000000140036d98     LIBCMTD:read.obj
 0002:00002dc0       ??_C@_1EO@CCHAPCBN@?$AAf?$AA?3?$AA?2?$AAd?$AAd?$AA?2?$AAv?$AAc?$AAt?$AAo?$AAo?$AAl?$AAs?$AA?2?$AAc?$AAr?$AAt?$AA?2?$AAc?$AAr?$AAt?$AAw?$AA3?$AA2?$AA?2?$AAl?$AAo?$AAw?$AAi?$AAo?$AA?2?$AAl@ 0000000140036dc0     LIBCMTD:lseek.obj
 0002:00002e10       ??_C@_1O@EDOIKGHF@?$AA_?$AAl?$AAs?$AAe?$AAe?$AAk?$AA?$AA@ 0000000140036e10     LIBCMTD:lseek.obj
 0002:00002e20       ??_C@_1DM@LMLOLGJ@?$AA?$CI?$AA?$CC?$AAI?$AAn?$AAv?$AAa?$AAl?$AAi?$AAd?$AA?5?$AAf?$AAi?$AAl?$AAe?$AA?5?$AAd?$AAe?$AAs?$AAc?$AAr?$AAi?$AAp?$AAt?$AAo?$AAr?$AA?$CC?$AA?0?$AA0?$AA?$CJ?$AA?$AA@ 0000000140036e20     LIBCMTD:lseek.obj
 0002:00002e60       ??_C@_1FE@NDDOFCDF@?$AAf?$AA?3?$AA?2?$AAd?$AAd?$AA?2?$AAv?$AAc?$AAt?$AAo?$AAo?$AAl?$AAs?$AA?2?$AAc?$AAr?$AAt?$AA?2?$AAc?$AAr?$AAt?$AAw?$AA3?$AA2?$AA?2?$AAl?$AAo?$AAw?$AAi?$AAo?$AA?2?$AAl@ 0000000140036e60     LIBCMTD:lseeki64.obj
 0002:00002eb8       ??_C@_1BE@KHFBJMNM@?$AA_?$AAl?$AAs?$AAe?$AAe?$AAk?$AAi?$AA6?$AA4?$AA?$AA@ 0000000140036eb8     LIBCMTD:lseeki64.obj
 0002:00002ed0       ??_C@_1FC@OBEHAONE@?$AAf?$AA?3?$AA?2?$AAd?$AAd?$AA?2?$AAv?$AAc?$AAt?$AAo?$AAo?$AAl?$AAs?$AA?2?$AAc?$AAr?$AAt?$AA?2?$AAc?$AAr?$AAt?$AAw?$AA3?$AA2?$AA?2?$AAs?$AAt?$AAd?$AAi?$AAo?$AA?2?$AA_@ 0000000140036ed0     LIBCMTD:_flsbuf.obj
 0002:00002f30       ??_C@_1HO@MLMGPAFH@?$AA?$CI?$AA?$CC?$AAi?$AAn?$AAc?$AAo?$AAn?$AAs?$AAi?$AAs?$AAt?$AAe?$AAn?$AAt?$AA?5?$AAI?$AAO?$AAB?$AA?5?$AAf?$AAi?$AAe?$AAl?$AAd?$AAs?$AA?$CC?$AA?0?$AA?5?$AAs?$AAt?$AAr?$AAe@ 0000000140036f30     LIBCMTD:_flsbuf.obj
 0002:00002fb0       ??_C@_1FE@CKCGICM@?$AAf?$AA?3?$AA?2?$AAd?$AAd?$AA?2?$AAv?$AAc?$AAt?$AAo?$AAo?$AAl?$AAs?$AA?2?$AAc?$AAr?$AAt?$AA?2?$AAc?$AAr?$AAt?$AAw?$AA3?$AA2?$AA?2?$AAs?$AAt?$AAd?$AAi?$AAo?$AA?2?$AAv@ 0000000140036fb0     LIBCMTD:vsprintf.obj
 0002:00003008       ??_C@_1CE@PCFPEIFI@?$AA_?$AAv?$AAs?$AAn?$AAp?$AAr?$AAi?$AAn?$AAt?$AAf?$AA_?$AAh?$AAe?$AAl?$AAp?$AAe?$AAr?$AA?$AA@ 0000000140037008     LIBCMTD:vsnprnc.obj
[...]
 0004:00000ce4       $pdata$?__FrameUnwindToEmptyState@@YAXPEA_KPEAU_xDISPATCHER_CONTEXT@@PEBU_s_FuncInfo@@@Z 0000000140046ce4     LIBCMTD:trnsctrl.obj
 0004:00000cf0       $pdata$?__SehTransFilter@@YAHPEAU_EXCEPTION_POINTERS@@PEAUEHExceptionRecord@@PEA_KPEAU_CONTEXT@@PEAU_xDISPATCHER_CONTEXT@@PEBU_s_FuncInfo@@PEAH@Z 0000000140046cf0     LIBCMTD:trnsctrl.obj
 0004:00000cfc       $pdata$_CallSETranslator   0000000140046cfc     LIBCMTD:trnsctrl.obj
 0004:00000d08       $pdata$_CreateFrameInfo    0000000140046d08     LIBCMTD:trnsctrl.obj
 0004:00000d14       $pdata$_FindAndUnlinkFrame 0000000140046d14     LIBCMTD:trnsctrl.obj
 0004:00000d20       $pdata$_GetImageBase       0000000140046d20     LIBCMTD:trnsctrl.obj
 0004:00000d2c       $pdata$_GetThrowImageBase  0000000140046d2c     LIBCMTD:trnsctrl.obj
 0004:00000d38       $pdata$_IsExceptionObjectToBeDestroyed 0000000140046d38     LIBCMTD:trnsctrl.obj
 0004:00000d44       $pdata$_SetImageBase       0000000140046d44     LIBCMTD:trnsctrl.obj
 0004:00000d50       $pdata$_SetThrowImageBase  0000000140046d50     LIBCMTD:trnsctrl.obj
 0004:00000d5c       $pdata$_UnwindNestedFrames 0000000140046d5c     LIBCMTD:trnsctrl.obj
 0004:00000d68       $pdata$__CxxFrameHandler3  0000000140046d68     LIBCMTD:trnsctrl.obj
 0004:00000d74       $pdata$?x_ismbbtype_l@@YAHPEAUlocaleinfo_struct@@IHH@Z 0000000140046d74     LIBCMTD:ismbbyte.obj
 0004:00000d80       $pdata$_ismbblead          0000000140046d80     LIBCMTD:ismbbyte.obj
 0004:00000d8c       $pdata$_mbtowc_l           0000000140046d8c     LIBCMTD:mbtowc.obj
 0004:00000d98       $pdata$mbtowc              0000000140046d98     LIBCMTD:mbtowc.obj
 0004:00000da4       $pdata$_putwch_nolock      0000000140046da4     LIBCMTD:putwch.obj
 0004:00000db0       $pdata$__free_lconv_mon    0000000140046db0     LIBCMTD:initmon.obj
 0004:00000dbc       $pdata$__free_lconv_num    0000000140046dbc     LIBCMTD:initnum.obj
 0004:00000dc8       $pdata$__free_lc_time      0000000140046dc8     LIBCMTD:inittime.obj
 0004:00000dd4       $pdata$_locterm            0000000140046dd4     LIBCMTD:wsetloca.obj
 0004:00000de0       $pdata$_vsnwprintf_s       0000000140046de0     LIBCMTD:vswprnc.obj
 0004:00000dec       $pdata$_vsnwprintf_s_l     0000000140046dec     LIBCMTD:vswprnc.obj
 0004:00000df8       $pdata$_vswprintf_helper   0000000140046df8     LIBCMTD:vswprnc.obj
 0004:00000e04       $pdata$strcat_s            0000000140046e04     LIBCMTD:strcat_s.obj
 0004:00000e10       $pdata$_itoa_s             0000000140046e10     LIBCMTD:xtoas.obj
 0004:00000e1c       $pdata$xtoa_s              0000000140046e1c     LIBCMTD:xtoas.obj
 0004:00000e28       $pdata$_mbstowcs_l_helper  0000000140046e28     LIBCMTD:mbstowcs.obj
 0004:00000e34       $pdata$_mbstowcs_s_l       0000000140046e34     LIBCMTD:mbstowcs.obj
 0004:00000e40       $pdata$mbstowcs_s          0000000140046e40     LIBCMTD:mbstowcs.obj
 0004:00000e4c       $pdata$?wcsncnt@@YA_KPEB_W_K@Z 0000000140046e4c     LIBCMTD:wcstombs.obj
 0004:00000e58       $pdata$_wcstombs_l_helper  0000000140046e58     LIBCMTD:wcstombs.obj
 0004:00000e64       $pdata$_wcstombs_s_l       0000000140046e64     LIBCMTD:wcstombs.obj
 0004:00000e70       $pdata$wcstombs_s          0000000140046e70     LIBCMTD:wcstombs.obj
 0004:00000e7c       $pdata$_itow_s             0000000140046e7c     LIBCMTD:xtows.obj
 0004:00000e88       $pdata$xtow_s              0000000140046e88     LIBCMTD:xtows.obj
 0004:00000e94       $pdata$__GSHandlerCheck_SEH 0000000140046e94     LIBCMTD:gshandlerseh.obj
 0004:00000ea0       $pdata$__createFile        0000000140046ea0     LIBCMTD:wopen.obj
 0004:00000eac       $pdata$_wsopen_nolock      0000000140046eac     LIBCMTD:wopen.obj
 0004:00000ec4       $pdata$__ascii_strnicmp    0000000140046ec4     LIBCMTD:strnicmp.obj
 0004:00000ed0       $pdata$_strnicmp           0000000140046ed0     LIBCMTD:strnicmp.obj
 0004:00000edc       $pdata$_strnicmp_l         0000000140046edc     LIBCMTD:strnicmp.obj
 0004:00000ee8       $pdata$__DestructExceptionObject 0000000140046ee8     LIBCMTD:frame.obj
 0004:00000ef4       $pdata$??0bad_exception@std@@QEAA@AEBV01@@Z 0000000140046ef4     LIBCMTD:frame.obj
 0004:00000f00       $pdata$??0bad_exception@std@@QEAA@PEBD@Z 0000000140046f00     LIBCMTD:frame.obj
 0004:00000f0c       $pdata$??1bad_exception@std@@UEAA@XZ 0000000140046f0c     LIBCMTD:frame.obj
 0004:00000f18       $pdata$??_Gbad_exception@std@@UEAAPEAXI@Z 0000000140046f18     LIBCMTD:frame.obj
 0004:00000f24       $pdata$?CatchIt@@YAXPEAUEHExceptionRecord@@PEA_KPEAU_CONTEXT@@PEAU_xDISPATCHER_CONTEXT@@PEBU_s_FuncInfo@@PEBU_s_HandlerType@@PEBU_s_CatchableType@@PEBU_s_TryBlockMapEntry@@H1EE@Z 0000000140046f24     LIBCMTD:frame.obj
 0004:00000f30       $pdata$?ExFilterRethrow@@YAHPEAU_EXCEPTION_POINTERS@@PEAUEHExceptionRecord@@PEAH@Z 0000000140046f30     LIBCMTD:frame.obj
 0004:00000f3c       $pdata$?FindHandler@@YAXPEAUEHExceptionRecord@@PEA_KPEAU_CONTEXT@@PEAU_xDISPATCHER_CONTEXT@@PEBU_s_FuncInfo@@EH1@Z 0000000140046f3c     LIBCMTD:frame.obj
 0004:00000f48       $pdata$?FindHandlerForForeignException@@YAXPEAUEHExceptionRecord@@PEA_KPEAU_CONTEXT@@PEAU_xDISPATCHER_CONTEXT@@PEBU_s_FuncInfo@@HH1@Z 0000000140046f48     LIBCMTD:frame.obj
 0004:00000f54       $pdata$?IsInExceptionSpec@@YAEPEAUEHExceptionRecord@@PEBU_s_ESTypeList@@@Z 0000000140046f54     LIBCMTD:frame.obj
 0004:00000f60       $pdata$?Is_bad_exception_allowed@@YAEPEBU_s_ESTypeList@@@Z 0000000140046f60     LIBCMTD:frame.obj
 0004:00000f6c       $pdata$?__RethrowException@@YAXPEAUEHExceptionRecord@@@Z 0000000140046f6c     LIBCMTD:frame.obj
 0004:00000f78       $pdata$__AdjustPointer     0000000140046f78     LIBCMTD:frame.obj
 0004:00000f84       $pdata$__BuildCatchObject  0000000140046f84     LIBCMTD:frame.obj
 0004:00000f90       $pdata$__BuildCatchObjectHelper 0000000140046f90     LIBCMTD:frame.obj
 0004:00000f9c       $pdata$__CxxCallCatchBlock 0000000140046f9c     LIBCMTD:frame.obj
 0004:00000fa8       $pdata$__FrameUnwindFilter 0000000140046fa8     LIBCMTD:frame.obj
 0004:00000fb4       $pdata$__FrameUnwindToState 0000000140046fb4     LIBCMTD:frame.obj
 0004:00000fc0       $pdata$__InternalCxxFrameHandler 0000000140046fc0     LIBCMTD:frame.obj
 0004:00000fcc       $pdata$__TypeMatch         0000000140046fcc     LIBCMTD:frame.obj
 0004:00000fd8       $pdata$?__GetCurrentState@@YAHPEA_KPEAU_xDISPATCHER_CONTEXT@@PEBU_s_FuncInfo@@@Z 0000000140046fd8     LIBCMTD:ehstate.obj
 0004:00000fe4       $pdata$?__GetUnwindTryBlock@@YAHPEA_KPEAU_xDISPATCHER_CONTEXT@@PEBU_s_FuncInfo@@@Z 0000000140046fe4     LIBCMTD:ehstate.obj
 0004:00000ff0       $pdata$?__SetUnwindTryBlock@@YAXPEA_KPEAU_xDISPATCHER_CONTEXT@@PEBU_s_FuncInfo@@H@Z 0000000140046ff0     LIBCMTD:ehstate.obj
 0004:00000ffc       $pdata$?__StateFromControlPc@@YAHPEBU_s_FuncInfo@@PEAU_xDISPATCHER_CONTEXT@@@Z 0000000140046ffc     LIBCMTD:ehstate.obj
 0004:00001008       $pdata$?__StateFromIp@@YAHPEBU_s_FuncInfo@@PEAU_xDISPATCHER_CONTEXT@@_J@Z 0000000140047008     LIBCMTD:ehstate.obj
 0004:00001014       $pdata$__termconout        0000000140047014     LIBCMTD:initcon.obj
 0004:00001020       $pdata$__initconout        0000000140047020     LIBCMTD:initcon.obj
 0004:00001038       $pdata$_woutput_s_l        0000000140047038     LIBCMTD:woutputs.obj
 0004:00001044       $pdata$write_char          0000000140047044     LIBCMTD:woutputs.obj
 0004:00001050       $pdata$write_multi_char    0000000140047050     LIBCMTD:woutputs.obj
 0004:0000105c       $pdata$write_string        000000014004705c     LIBCMTD:woutputs.obj
 0004:00001068       $pdata$_fputwc_nolock      0000000140047068     LIBCMTD:fputwc.obj
 0004:00001074       $pdata$_chsize_nolock      0000000140047074     LIBCMTD:chsize.obj
 0004:00001080       $pdata$_get_fmode          0000000140047080     LIBCMTD:setmode.obj
 0004:0000108c       $pdata$_setmode_nolock     000000014004708c     LIBCMTD:setmode.obj
 0004:00001098       $pdata$_tolower_l          0000000140047098     LIBCMTD:tolower.obj
 0004:000010a4       $pdata$tolower             00000001400470a4     LIBCMTD:tolower.obj
 0004:000010b0       $pdata$??3@YAXPEAX@Z       00000001400470b0     LIBCMTD:dbgdel.obj
 0004:000010c8       $pdata$?_ValidateExecute@@YAHP6A_JXZ@Z 00000001400470c8     LIBCMTD:validate.obj
 0004:000010d4       $pdata$?_ValidateWrite@@YAHPEAXI@Z 00000001400470d4     LIBCMTD:validate.obj
 0004:000010d4       $pdata$?_ValidateRead@@YAHPEBXI@Z 00000001400470d4     LIBCMTD:validate.obj
 0004:000010ec       $pdata$??1type_info@@UEAA@XZ 00000001400470ec     LIBCMTD:typinfo.obj
 0004:000010f8       $pdata$??8type_info@@QEBA_NAEBV0@@Z 00000001400470f8     LIBCMTD:typinfo.obj
 0004:00001104       $pdata$??_Gtype_info@@UEAAPEAXI@Z 0000000140047104     LIBCMTD:typinfo.obj
 0004:00001110       $pdata$??0exception@std@@QEAA@AEBQEBD@Z 0000000140047110     LIBCMTD:stdexcpt.obj
 0004:0000111c       $pdata$??0exception@std@@QEAA@AEBV01@@Z 000000014004711c     LIBCMTD:stdexcpt.obj
 0004:00001128       $pdata$??1exception@std@@UEAA@XZ 0000000140047128     LIBCMTD:stdexcpt.obj
 0004:00001134       $pdata$??4exception@std@@QEAAAEAV01@AEBV01@@Z 0000000140047134     LIBCMTD:stdexcpt.obj
 0004:00001140       $pdata$??_Gexception@std@@UEAAPEAXI@Z 0000000140047140     LIBCMTD:stdexcpt.obj
 0004:0000114c       $pdata$?_Copy_str@exception@std@@AEAAXPEBD@Z 000000014004714c     LIBCMTD:stdexcpt.obj
 0004:00001158       $pdata$?_Tidy@exception@std@@AEAAXXZ 0000000140047158     LIBCMTD:stdexcpt.obj
 0004:00001164       $pdata$?what@exception@std@@UEBAPEBDXZ 0000000140047164     LIBCMTD:stdexcpt.obj
 0004:00001170       $pdata$_CxxThrowException  0000000140047170     LIBCMTD:throw.obj
 0004:0000117c       $pdata$_flswbuf            000000014004717c     LIBCMTD:_flswbuf.obj
 0004:00001188       $pdata$?_Type_info_dtor@type_info@@CAXPEAV1@@Z 0000000140047188     LIBCMTD:typname.obj
 0004:00001194       $pdata$__crt_atoflt_l      0000000140047194     LIBCMTD:atodbl.obj
 0004:000011a0       $pdata$_atodbl_l           00000001400471a0     LIBCMTD:atodbl.obj
 0004:000011ac       $pdata$_atoflt_l           00000001400471ac     LIBCMTD:atodbl.obj
 0004:000011b8       $pdata$_fpmath             00000001400471b8     LIBCMTD:fpinit.obj
 0004:000011c4       $pdata$_CopyMan            00000001400471c4     LIBCMTD:intrncvt.obj
 0004:000011d0       $pdata$_FillZeroMan        00000001400471d0     LIBCMTD:intrncvt.obj
 0004:000011dc       $pdata$_IncMan             00000001400471dc     LIBCMTD:intrncvt.obj
 0004:000011e8       $pdata$_IsZeroMan          00000001400471e8     LIBCMTD:intrncvt.obj
 0004:000011f4       $pdata$_RoundMan           00000001400471f4     LIBCMTD:intrncvt.obj
 0004:00001200       $pdata$_ShrMan             0000000140047200     LIBCMTD:intrncvt.obj
 0004:0000120c       $pdata$_ZeroTail           000000014004720c     LIBCMTD:intrncvt.obj
 0004:00001218       $pdata$__addl              0000000140047218     LIBCMTD:intrncvt.obj
 0004:00001224       $pdata$_ld12cvt            0000000140047224     LIBCMTD:intrncvt.obj
 0004:00001230       $pdata$_ld12tod            0000000140047230     LIBCMTD:intrncvt.obj
 0004:0000123c       $pdata$_ld12tof            000000014004723c     LIBCMTD:intrncvt.obj
 0004:00001248       $pdata$__ld12mul           0000000140047248     LIBCMTD:strgtold.obj
 0004:00001254       $pdata$__multtenpow12      0000000140047254     LIBCMTD:strgtold.obj
 0004:00001260       $pdata$__shl_12            0000000140047260     LIBCMTD:strgtold.obj
 0004:0000126c       $pdata$__shr_12            000000014004726c     LIBCMTD:strgtold.obj
 0004:00001278       $pdata$__strgtold12_l      0000000140047278     LIBCMTD:strgtold.obj
 0004:00001284       $pdata$?strrchr@@YAPEADPEADH@Z 0000000140047284     LIBCMTD:cvt.obj
 0004:00001290       $pdata$_cfltcvt            0000000140047290     LIBCMTD:cvt.obj
 0004:0000129c       $pdata$_cfltcvt_l          000000014004729c     LIBCMTD:cvt.obj
 0004:000012a8       $pdata$_cftoa_l            00000001400472a8     LIBCMTD:cvt.obj
 0004:000012b4       $pdata$_cftoe              00000001400472b4     LIBCMTD:cvt.obj
 0004:000012c0       $pdata$_cftoe2_l           00000001400472c0     LIBCMTD:cvt.obj
 0004:000012cc       $pdata$_cftoe_l            00000001400472cc     LIBCMTD:cvt.obj
 0004:000012d8       $pdata$_cftof2_l           00000001400472d8     LIBCMTD:cvt.obj
 0004:000012e4       $pdata$_cftof_l            00000001400472e4     LIBCMTD:cvt.obj
 0004:000012f0       $pdata$_cftog_l            00000001400472f0     LIBCMTD:cvt.obj
 0004:000012fc       $pdata$_cropzeros          00000001400472fc     LIBCMTD:cvt.obj
 0004:00001308       $pdata$_cropzeros_l        0000000140047308     LIBCMTD:cvt.obj
 0004:00001314       $pdata$_fassign            0000000140047314     LIBCMTD:cvt.obj
 0004:00001320       $pdata$_fassign_l          0000000140047320     LIBCMTD:cvt.obj
 0004:0000132c       $pdata$_forcdecpt          000000014004732c     LIBCMTD:cvt.obj
 0004:00001338       $pdata$_forcdecpt_l        0000000140047338     LIBCMTD:cvt.obj
 0004:00001344       $pdata$_positive           0000000140047344     LIBCMTD:cvt.obj
 0004:00001350       $pdata$_shift              0000000140047350     LIBCMTD:cvt.obj
 0004:0000135c       $pdata$__add_12            000000014004735c     LIBCMTD:mantold.obj
 0004:00001368       $pdata$__mtold12           0000000140047368     LIBCMTD:mantold.obj
 0004:00001374       $pdata$_isdigit_l          0000000140047374     LIBCMTD:_ctype.obj
 0004:00001380       $pdata$isdigit             0000000140047380     LIBCMTD:_ctype.obj
 0004:0000138c       $pdata$strrchr             000000014004738c     LIBCMTD:strrchr.obj
 0004:00001398       $pdata$_fptostr            0000000140047398     LIBCMTD:_fptostr.obj
 0004:000013a4       $pdata$__dtold             00000001400473a4     LIBCMTD:cfout.obj
 0004:000013b0       $pdata$_fltout2            00000001400473b0     LIBCMTD:cfout.obj
 0004:000013bc       $pdata$$I10_OUTPUT         00000001400473bc     LIBCMTD:x10fout.obj
 0004:000013c8       $pdata$_fsopen$fin$0       00000001400473c8     LIBCMTD:fopen.obj
 0004:000013d4       $pdata$fprintf$fin$0       00000001400473d4     LIBCMTD:fprintf.obj
 0004:000013e0       $pdata$fputs$fin$0         00000001400473e0     LIBCMTD:fputs.obj
 0004:000013ec       $pdata$fread_s$fin$0       00000001400473ec     LIBCMTD:fread.obj
 0004:000013f8       $pdata$fseek$fin$0         00000001400473f8     LIBCMTD:fseek.obj
 0004:00001404       $pdata$fclose$fin$0        0000000140047404     LIBCMTD:ftell.obj
 0004:00001404       $pdata$ftell$fin$0         0000000140047404     LIBCMTD:ftell.obj
 0004:00001410       $pdata$printf$fin$0        0000000140047410     LIBCMTD:printf.obj
 0004:0000141c       $pdata$doexit$fin$0        000000014004741c     LIBCMTD:crt0dat.obj
 0004:00001428       $pdata$__tmainCRTStartup$filt$0 0000000140047428     LIBCMTD:crt0.obj
 0004:00001434       $pdata$flsall$fin$0        0000000140047434     LIBCMTD:fflush.obj
 0004:00001440       $pdata$flsall$fin$1        0000000140047440     LIBCMTD:fflush.obj
 0004:0000144c       $pdata$__BuildCatchObject$filt$0 000000014004744c     LIBCMTD:dbgheap.obj
 0004:0000144c       $pdata$__BuildCatchObjectHelper$filt$0 000000014004744c     LIBCMTD:dbgheap.obj
 0004:0000144c       $pdata$?filt$0@?0??_inconsistency@@YAXXZ@4HA 000000014004744c     LIBCMTD:dbgheap.obj
 0004:0000144c       $pdata$?filt$0@?0??terminate@@YAXXZ@4HA 000000014004744c     LIBCMTD:dbgheap.obj
 0004:0000144c       $pdata$?filt$0@?0??__crtIsBadReadPtr@@YAHPEBX_K@Z@4HA 000000014004744c     LIBCMTD:dbgheap.obj
 0004:00001458       $pdata$_CrtCheckMemory$fin$0 0000000140047458     LIBCMTD:dbgheap.obj
 0004:00001464       $pdata$_heap_alloc_dbg_impl$fin$0 0000000140047464     LIBCMTD:dbgheap.obj
 0004:00001464       $pdata$?fin$0@?0??_CrtMemDumpAllObjectsSince_stat@@YAXPEBU_CrtMemState@@PEAUlocaleinfo_struct@@@Z@4HA 0000000140047464     LIBCMTD:dbgheap.obj
 0004:00001464       $pdata$_CrtMemCheckpoint$fin$0 0000000140047464     LIBCMTD:dbgheap.obj
 0004:00001470       $pdata$_free_dbg$fin$0     0000000140047470     LIBCMTD:dbgheap.obj
 0004:0000147c       $pdata$_fcloseall$fin$0    000000014004747c     LIBCMTD:stream.obj
 0004:0000147c       $pdata$_getstream$fin$0    000000014004747c     LIBCMTD:stream.obj
 0004:00001488       $pdata$_ioinit$fin$0       0000000140047488     LIBCMTD:ioinit.obj
 0004:00001494       $pdata$_write$fin$0        0000000140047494     LIBCMTD:lseek.obj
 0004:00001494       $pdata$_lseeki64$fin$0     0000000140047494     LIBCMTD:lseek.obj
 0004:00001494       $pdata$_lseek$fin$0        0000000140047494     LIBCMTD:lseek.obj
 0004:00001494       $pdata$_close$fin$0        0000000140047494     LIBCMTD:lseek.obj
 0004:00001494       $pdata$_read$fin$0         0000000140047494     LIBCMTD:lseek.obj
 0004:00001494       $pdata$_commit$fin$0       0000000140047494     LIBCMTD:lseek.obj
 0004:000014a0       $pdata$_IsNonwritableInCurrentImage$filt$0 00000001400474a0     LIBCMTD:pesect.obj
 0004:000014ac       $pdata$_onexit$fin$0       00000001400474ac     LIBCMTD:onexit.obj
 0004:000014b8       $pdata$raise$fin$0         00000001400474b8     LIBCMTD:winsig.obj
 0004:000014c4       $pdata$?dtor$0@?0??getSystemCP@@YAHH@Z@4HA 00000001400474c4     LIBCMTD:mbctype.obj
 0004:000014d0       $pdata$_setmbcp$fin$0      00000001400474d0     LIBCMTD:mbctype.obj
 0004:000014d0       $pdata$__updatetmbcinfo$fin$0 00000001400474d0     LIBCMTD:mbctype.obj
 0004:000014dc       $pdata$_initptd$fin$0      00000001400474dc     LIBCMTD:tidtable.obj
 0004:000014dc       $pdata$_freefls$fin$0      00000001400474dc     LIBCMTD:tidtable.obj
 0004:000014e8       $pdata$_freefls$fin$1      00000001400474e8     LIBCMTD:tidtable.obj
 0004:000014e8       $pdata$_initptd$fin$1      00000001400474e8     LIBCMTD:tidtable.obj
 0004:000014f4       $pdata$_mtinitlocknum$fin$0 00000001400474f4     LIBCMTD:osfinfo.obj
 0004:000014f4       $pdata$__lock_fhandle$fin$0 00000001400474f4     LIBCMTD:osfinfo.obj
 0004:00001500       $pdata$_alloc_osfhnd$fin$0 0000000140047500     LIBCMTD:osfinfo.obj
 0004:0000150c       $pdata$_alloc_osfhnd$fin$1 000000014004750c     LIBCMTD:osfinfo.obj
 0004:00001518       $pdata$_VCrtDbgReportA$fin$0 0000000140047518     LIBCMTD:dbgrptt.obj
 0004:00001524       $pdata$_VCrtDbgReportA$fin$1 0000000140047524     LIBCMTD:dbgrptt.obj
 0004:00001530       $pdata$_VCrtDbgReportW$fin$0 0000000140047530     LIBCMTD:dbgrptt.obj
 0004:0000153c       $pdata$_VCrtDbgReportW$fin$1 000000014004753c     LIBCMTD:dbgrptt.obj
 0004:00001548       $pdata$_sopen_helper$fin$0 0000000140047548     LIBCMTD:open.obj
 0004:00001554       $pdata$_CallSETranslator$filt$0 0000000140047554     LIBCMTD:trnsctrl.obj
 0004:00001560       $pdata$?dtor$0@?0??x_ismbbtype_l@@YAHPEAUlocaleinfo_struct@@IHH@Z@4HA 0000000140047560     LIBCMTD:ismbbyte.obj
 0004:0000156c       $pdata$__updatetlocinfo$fin$0 000000014004756c     LIBCMTD:wsetloca.obj
 0004:0000156c       $pdata$_locterm$fin$0      000000014004756c     LIBCMTD:wsetloca.obj
 0004:00001578       $pdata$__CxxCallCatchBlock$filt$0 0000000140047578     LIBCMTD:frame.obj
 0004:00001584       $pdata$__CxxCallCatchBlock$fin$1 0000000140047584     LIBCMTD:frame.obj
 0004:00001590       $pdata$__DestructExceptionObject$filt$0 0000000140047590     LIBCMTD:frame.obj
 0004:0000159c       $pdata$__FrameUnwindToState$filt$0 000000014004759c     LIBCMTD:frame.obj
 0004:000015a8       $pdata$__FrameUnwindToState$fin$1 00000001400475a8     LIBCMTD:frame.obj
 0004:000015b4       $pdata$_realloc_dbg$fin$0  00000001400475b4     LIBCMTD:dbgdel.obj
 0004:000015b4       $pdata$_CrtSetDbgFlag$fin$0 00000001400475b4     LIBCMTD:dbgdel.obj
 0004:000015b4       $pdata$?fin$0@?0???3@YAXPEAX@Z@4HA 00000001400475b4     LIBCMTD:dbgdel.obj
 0004:000015b4       $pdata$_msize_dbg$fin$0    00000001400475b4     LIBCMTD:dbgdel.obj
 0004:000015c0       $pdata$?fin$0@?0??_Type_info_dtor@type_info@@CAXPEAV1@@Z@4HA 00000001400475c0     LIBCMTD:typname.obj
